at1917 @ doc-at1917 in ~ |19:11:32  
$ ssh at1917@graphic08.doc.ic.ac.uk
The authenticity of host 'graphic08.doc.ic.ac.uk (146.169.53.228)' can't be established.
ECDSA key fingerprint is SHA256:gZU1TMEsuG94ndRZ0Gzm/3n4eEXYxH40BkVb6ALvOOs.
+---[ECDSA 256]---+
|       ..B=..=+=.|
|      .oo =.  Bo*|
|      .... + B.B.|
|      .  .. = + =|
|       oSo + . o.|
|      . + = .   o|
|       o   o   .+|
|          .   .o+|
|         .E   .oo|
+----[SHA256]-----+
Are you sure you want to continue connecting (yes/no)? yes^C
at1917 @ doc-at1917 in ~ |19:11:35  
$ ssh at1917@graphic07.doc.ic.ac.uk
The authenticity of host 'graphic07.doc.ic.ac.uk (146.169.53.227)' can't be established.
ECDSA key fingerprint is SHA256:U9nqccAkfZ7V6nv7GZFJmwc6rtxv6eXKpuKoX5rekOE.
+---[ECDSA 256]---+
|        ...    . |
|         +.o. . .|
|          =o.o.o |
|         . oo.o.=|
|        S o +. *.|
|       . = + .. o|
|        E o .  +.|
|         O.o .=o+|
|      .+*.=.o*===|
+----[SHA256]-----+
Are you sure you want to continue connecting (yes/no)? yes
Warning: Permanently added 'graphic07.doc.ic.ac.uk,146.169.53.227' (ECDSA) to the list of known hosts.
at1917@graphic07.doc.ic.ac.uk's password: 
HXLY data-centre migration - potential service disruption
=========================================================

Please be aware that departmental servers will be moved
from HXLY 221 to the Virtus Slough data-centre during
June, July and August.  There will be knock-on effects
on some departmental services during this transition.


-- Lloyd Kamara (Tue 4th Jun 2019  9:00 AM)

=================================================================
Please see www.imperial.ac.uk/computing/csg for news on any known
problems before mailing doc-help@imperial.ac.uk for assistance.
=================================================================

Linux 4.15.0-50-generic #54-Ubuntu SMP Mon May 6 18:46:08 UTC 2019 x86_64
Last login: Tue Jun  4 17:25:08 2019 from dyn3208-242.wlan.ic.ac.uk
at1917@graphic07:~$ cd projects/
doors/      OP2-Common/ traffic/    
at1917@graphic07:~$ cd projects/OP2-Common/
at1917@graphic07:OP2-Common$ l
l: command not found
at1917@graphic07:OP2-Common$ ls
apps  cmake  doc  op2  README  scripts	translator
at1917@graphic07:OP2-Common$ cd apps/c/
aero/      airfoil/   bin/       build/     jac1/      jac2/      reduction/ 
at1917@graphic07:OP2-Common$ cd apps/c/aero/aero_
aero_hdf5/  aero_plain/ 
at1917@graphic07:OP2-Common$ cd apps/c/aero/aero_plain/dp/
at1917@graphic07:dp$ l
l: command not found
at1917@graphic07:dp$ ls
aero.cpp  aero_mpi.cpp	aero_mpi_op.cpp  aero_op.cpp  cuda  dirichlet.h  dotPV.h  dotR.h  init_cg.h  Makefile  openacc	openmp	openmp4  res_calc.h  seq  spMV.h  update.h  updateP.h  updateUR.h
at1917@graphic07:dp$ ...
...: command not found
at1917@graphic07:dp$ ..
..: command not found
at1917@graphic07:dp$ cd ../..
at1917@graphic07:aero$ ls
aero_hdf5  aero_plain
at1917@graphic07:aero$ cd aero_plain/dp/
cuda/    openacc/ openmp/  openmp4/ seq/     
at1917@graphic07:aero$ cd 
at1917@graphic07:~$ cd projects/OP2-Common/
apps/       cmake/      doc/        .git/       op2/        scripts/    translator/ 
at1917@graphic07:~$ cd projects/OP2-Common/apps/
c/               fortran/         mesh_generators/ 
at1917@graphic07:~$ cd projects/OP2-Common/apps/c/
aero/      airfoil/   bin/       build/     jac1/      jac2/      reduction/ 
at1917@graphic07:~$ cd projects/OP2-Common/apps/c/build/
at1917@graphic07:build$ ls
aero	 CMakeCache.txt  cmake_install.cmake	FE_grid.dat	      jac1  Makefile	naca_fem.m    out_grid_seq.bin	reduction
airfoil  CMakeFiles	 compile_commands.json	install_manifest.txt  jac2  naca0012.m	new_grid.dat  out_grid_seq.dat	script.sh
at1917@graphic07:build$ vim script.sh 
at1917@graphic07:build$ for i in {0..10} do
>   echo "Meme"
-bash: syntax error near unexpected token `echo'
at1917@graphic07:build$ for i in {0..10}
> do
> echo "Meme"
> done
Meme
Meme
Meme
Meme
Meme
Meme
Meme
Meme
Meme
Meme
Meme
at1917@graphic07:build$ vim script.sh 
at1917@graphic07:build$ ls
aero	 CMakeCache.txt  cmake_install.cmake	FE_grid.dat	      jac1  Makefile	naca_fem.m    out_grid_seq.bin	reduction
airfoil  CMakeFiles	 compile_commands.json	install_manifest.txt  jac2  naca0012.m	new_grid.dat  out_grid_seq.dat	script.sh
at1917@graphic07:build$ vim script.sh 
at1917@graphic07:build$ ./script.sh 
processor	: 0
vendor_id	: GenuineIntel
cpu family	: 6
model		: 62
model name	: Intel(R) Xeon(R) CPU E5-1620 v2 @ 3.70GHz
stepping	: 4
microcode	: 0x42e
cpu MHz		: 1349.682
cache size	: 10240 KB
physical id	: 0
siblings	: 8
core id		: 0
cpu cores	: 4
apicid		: 0
initial apicid	: 0
fpu		: yes
fpu_exception	: yes
cpuid level	: 13
wp		: yes
flags		: fpu vme de pse tsc msr pae mce cx8 apic sep mtrr pge mca cmov pat pse36 clflush dts acpi mmx fxsr sse sse2 ss ht tm pbe syscall nx pdpe1gb rdtscp lm constant_tsc arch_perfmon pebs bts rep_good nopl xtopology nonstop_tsc cpuid aperfmperf pni pclmulqdq dtes64 monitor ds_cpl vmx smx est tm2 ssse3 cx16 xtpr pdcm pcid dca sse4_1 sse4_2 x2apic popcnt tsc_deadline_timer aes xsave avx f16c rdrand lahf_lm cpuid_fault epb pti ssbd ibrs ibpb stibp tpr_shadow vnmi flexpriority ept vpid fsgsbase smep erms xsaveopt dtherm arat pln pts md_clear flush_l1d
bugs		: cpu_meltdown spectre_v1 spectre_v2 spec_store_bypass l1tf mds
bogomips	: 7382.84
clflush size	: 64
cache_alignment	: 64
address sizes	: 46 bits physical, 48 bits virtual
power management:

processor	: 1
vendor_id	: GenuineIntel
cpu family	: 6
model		: 62
model name	: Intel(R) Xeon(R) CPU E5-1620 v2 @ 3.70GHz
stepping	: 4
microcode	: 0x42e
cpu MHz		: 1332.481
cache size	: 10240 KB
physical id	: 0
siblings	: 8
core id		: 1
cpu cores	: 4
apicid		: 2
initial apicid	: 2
fpu		: yes
fpu_exception	: yes
cpuid level	: 13
wp		: yes
flags		: fpu vme de pse tsc msr pae mce cx8 apic sep mtrr pge mca cmov pat pse36 clflush dts acpi mmx fxsr sse sse2 ss ht tm pbe syscall nx pdpe1gb rdtscp lm constant_tsc arch_perfmon pebs bts rep_good nopl xtopology nonstop_tsc cpuid aperfmperf pni pclmulqdq dtes64 monitor ds_cpl vmx smx est tm2 ssse3 cx16 xtpr pdcm pcid dca sse4_1 sse4_2 x2apic popcnt tsc_deadline_timer aes xsave avx f16c rdrand lahf_lm cpuid_fault epb pti ssbd ibrs ibpb stibp tpr_shadow vnmi flexpriority ept vpid fsgsbase smep erms xsaveopt dtherm arat pln pts md_clear flush_l1d
bugs		: cpu_meltdown spectre_v1 spectre_v2 spec_store_bypass l1tf mds
bogomips	: 7382.84
clflush size	: 64
cache_alignment	: 64
address sizes	: 46 bits physical, 48 bits virtual
power management:

processor	: 2
vendor_id	: GenuineIntel
cpu family	: 6
model		: 62
model name	: Intel(R) Xeon(R) CPU E5-1620 v2 @ 3.70GHz
stepping	: 4
microcode	: 0x42e
cpu MHz		: 1355.022
cache size	: 10240 KB
physical id	: 0
siblings	: 8
core id		: 2
cpu cores	: 4
apicid		: 4
initial apicid	: 4
fpu		: yes
fpu_exception	: yes
cpuid level	: 13
wp		: yes
flags		: fpu vme de pse tsc msr pae mce cx8 apic sep mtrr pge mca cmov pat pse36 clflush dts acpi mmx fxsr sse sse2 ss ht tm pbe syscall nx pdpe1gb rdtscp lm constant_tsc arch_perfmon pebs bts rep_good nopl xtopology nonstop_tsc cpuid aperfmperf pni pclmulqdq dtes64 monitor ds_cpl vmx smx est tm2 ssse3 cx16 xtpr pdcm pcid dca sse4_1 sse4_2 x2apic popcnt tsc_deadline_timer aes xsave avx f16c rdrand lahf_lm cpuid_fault epb pti ssbd ibrs ibpb stibp tpr_shadow vnmi flexpriority ept vpid fsgsbase smep erms xsaveopt dtherm arat pln pts md_clear flush_l1d
bugs		: cpu_meltdown spectre_v1 spectre_v2 spec_store_bypass l1tf mds
bogomips	: 7382.84
clflush size	: 64
cache_alignment	: 64
address sizes	: 46 bits physical, 48 bits virtual
power management:

processor	: 3
vendor_id	: GenuineIntel
cpu family	: 6
model		: 62
model name	: Intel(R) Xeon(R) CPU E5-1620 v2 @ 3.70GHz
stepping	: 4
microcode	: 0x42e
cpu MHz		: 1305.477
cache size	: 10240 KB
physical id	: 0
siblings	: 8
core id		: 3
cpu cores	: 4
apicid		: 6
initial apicid	: 6
fpu		: yes
fpu_exception	: yes
cpuid level	: 13
wp		: yes
flags		: fpu vme de pse tsc msr pae mce cx8 apic sep mtrr pge mca cmov pat pse36 clflush dts acpi mmx fxsr sse sse2 ss ht tm pbe syscall nx pdpe1gb rdtscp lm constant_tsc arch_perfmon pebs bts rep_good nopl xtopology nonstop_tsc cpuid aperfmperf pni pclmulqdq dtes64 monitor ds_cpl vmx smx est tm2 ssse3 cx16 xtpr pdcm pcid dca sse4_1 sse4_2 x2apic popcnt tsc_deadline_timer aes xsave avx f16c rdrand lahf_lm cpuid_fault epb pti ssbd ibrs ibpb stibp tpr_shadow vnmi flexpriority ept vpid fsgsbase smep erms xsaveopt dtherm arat pln pts md_clear flush_l1d
bugs		: cpu_meltdown spectre_v1 spectre_v2 spec_store_bypass l1tf mds
bogomips	: 7382.84
clflush size	: 64
cache_alignment	: 64
address sizes	: 46 bits physical, 48 bits virtual
power management:

processor	: 4
vendor_id	: GenuineIntel
cpu family	: 6
model		: 62
model name	: Intel(R) Xeon(R) CPU E5-1620 v2 @ 3.70GHz
stepping	: 4
microcode	: 0x42e
cpu MHz		: 1372.379
cache size	: 10240 KB
physical id	: 0
siblings	: 8
core id		: 0
cpu cores	: 4
apicid		: 1
initial apicid	: 1
fpu		: yes
fpu_exception	: yes
cpuid level	: 13
wp		: yes
flags		: fpu vme de pse tsc msr pae mce cx8 apic sep mtrr pge mca cmov pat pse36 clflush dts acpi mmx fxsr sse sse2 ss ht tm pbe syscall nx pdpe1gb rdtscp lm constant_tsc arch_perfmon pebs bts rep_good nopl xtopology nonstop_tsc cpuid aperfmperf pni pclmulqdq dtes64 monitor ds_cpl vmx smx est tm2 ssse3 cx16 xtpr pdcm pcid dca sse4_1 sse4_2 x2apic popcnt tsc_deadline_timer aes xsave avx f16c rdrand lahf_lm cpuid_fault epb pti ssbd ibrs ibpb stibp tpr_shadow vnmi flexpriority ept vpid fsgsbase smep erms xsaveopt dtherm arat pln pts md_clear flush_l1d
bugs		: cpu_meltdown spectre_v1 spectre_v2 spec_store_bypass l1tf mds
bogomips	: 7382.84
clflush size	: 64
cache_alignment	: 64
address sizes	: 46 bits physical, 48 bits virtual
power management:

processor	: 5
vendor_id	: GenuineIntel
cpu family	: 6
model		: 62
model name	: Intel(R) Xeon(R) CPU E5-1620 v2 @ 3.70GHz
stepping	: 4
microcode	: 0x42e
cpu MHz		: 1321.620
cache size	: 10240 KB
physical id	: 0
siblings	: 8
core id		: 1
cpu cores	: 4
apicid		: 3
initial apicid	: 3
fpu		: yes
fpu_exception	: yes
cpuid level	: 13
wp		: yes
flags		: fpu vme de pse tsc msr pae mce cx8 apic sep mtrr pge mca cmov pat pse36 clflush dts acpi mmx fxsr sse sse2 ss ht tm pbe syscall nx pdpe1gb rdtscp lm constant_tsc arch_perfmon pebs bts rep_good nopl xtopology nonstop_tsc cpuid aperfmperf pni pclmulqdq dtes64 monitor ds_cpl vmx smx est tm2 ssse3 cx16 xtpr pdcm pcid dca sse4_1 sse4_2 x2apic popcnt tsc_deadline_timer aes xsave avx f16c rdrand lahf_lm cpuid_fault epb pti ssbd ibrs ibpb stibp tpr_shadow vnmi flexpriority ept vpid fsgsbase smep erms xsaveopt dtherm arat pln pts md_clear flush_l1d
bugs		: cpu_meltdown spectre_v1 spectre_v2 spec_store_bypass l1tf mds
bogomips	: 7382.84
clflush size	: 64
cache_alignment	: 64
address sizes	: 46 bits physical, 48 bits virtual
power management:

processor	: 6
vendor_id	: GenuineIntel
cpu family	: 6
model		: 62
model name	: Intel(R) Xeon(R) CPU E5-1620 v2 @ 3.70GHz
stepping	: 4
microcode	: 0x42e
cpu MHz		: 1301.809
cache size	: 10240 KB
physical id	: 0
siblings	: 8
core id		: 2
cpu cores	: 4
apicid		: 5
initial apicid	: 5
fpu		: yes
fpu_exception	: yes
cpuid level	: 13
wp		: yes
flags		: fpu vme de pse tsc msr pae mce cx8 apic sep mtrr pge mca cmov pat pse36 clflush dts acpi mmx fxsr sse sse2 ss ht tm pbe syscall nx pdpe1gb rdtscp lm constant_tsc arch_perfmon pebs bts rep_good nopl xtopology nonstop_tsc cpuid aperfmperf pni pclmulqdq dtes64 monitor ds_cpl vmx smx est tm2 ssse3 cx16 xtpr pdcm pcid dca sse4_1 sse4_2 x2apic popcnt tsc_deadline_timer aes xsave avx f16c rdrand lahf_lm cpuid_fault epb pti ssbd ibrs ibpb stibp tpr_shadow vnmi flexpriority ept vpid fsgsbase smep erms xsaveopt dtherm arat pln pts md_clear flush_l1d
bugs		: cpu_meltdown spectre_v1 spectre_v2 spec_store_bypass l1tf mds
bogomips	: 7382.84
clflush size	: 64
cache_alignment	: 64
address sizes	: 46 bits physical, 48 bits virtual
power management:

processor	: 7
vendor_id	: GenuineIntel
cpu family	: 6
model		: 62
model name	: Intel(R) Xeon(R) CPU E5-1620 v2 @ 3.70GHz
stepping	: 4
microcode	: 0x42e
cpu MHz		: 1395.633
cache size	: 10240 KB
physical id	: 0
siblings	: 8
core id		: 3
cpu cores	: 4
apicid		: 7
initial apicid	: 7
fpu		: yes
fpu_exception	: yes
cpuid level	: 13
wp		: yes
flags		: fpu vme de pse tsc msr pae mce cx8 apic sep mtrr pge mca cmov pat pse36 clflush dts acpi mmx fxsr sse sse2 ss ht tm pbe syscall nx pdpe1gb rdtscp lm constant_tsc arch_perfmon pebs bts rep_good nopl xtopology nonstop_tsc cpuid aperfmperf pni pclmulqdq dtes64 monitor ds_cpl vmx smx est tm2 ssse3 cx16 xtpr pdcm pcid dca sse4_1 sse4_2 x2apic popcnt tsc_deadline_timer aes xsave avx f16c rdrand lahf_lm cpuid_fault epb pti ssbd ibrs ibpb stibp tpr_shadow vnmi flexpriority ept vpid fsgsbase smep erms xsaveopt dtherm arat pln pts md_clear flush_l1d
bugs		: cpu_meltdown spectre_v1 spectre_v2 spec_store_bypass l1tf mds
bogomips	: 7382.84
clflush size	: 64
cache_alignment	: 64
address sizes	: 46 bits physical, 48 bits virtual
power management:

Now running Airfoil OP2
--------------------

 Initializing OP2
reading in grid 
initialising flow field 

  OP diagnostic output
  --------------------

       set       size
  -------------------
     nodes    2883601
     edges    5757200
    bedges       5600
     cells    2880000

       map        dim       from         to
  -----------------------------------------
     pedge          2      edges      nodes
    pecell          2      edges      cells
    pbedge          2     bedges      nodes
   pbecell          1     bedges      cells
     pcell          4      cells      nodes

       dat        dim        set
  ------------------------------
   p_bound          1     bedges
       p_x          2      nodes
       p_q          4      cells
    p_qold          4      cells
     p_adt          1      cells
     p_res          4      cells

 new execution plan #0 for kernel adt_calc
 number of blocks       = 7500 
 number of block colors = 1 
 maximum block size     = 384 
 average thread colors  = 1.00 
 shared memory required =  12.06 KB
 average data reuse     = 1.99 
 data transfer (used)   = 242.00 MB 
 data transfer (total)  = 243.60 MB 
 SoA/AoS transfer ratio = 1.01 

 new execution plan #1 for kernel res_calc
 number of blocks       = 22490 
 number of block colors = 4 
 maximum block size     = 256 
 average thread colors  = 3.00 
 shared memory required =  23.44 KB, 26.19 KB, 26.19 KB, 26.19 KB
 average data reuse     = 1.98 
 data transfer (used)   = 837.47 MB 
 data transfer (total)  = 859.67 MB 
 SoA/AoS transfer ratio = 1.06 

 new execution plan #2 for kernel bres_calc
 number of blocks       = 22 
 number of block colors = 1 
 maximum block size     = 256 
 average thread colors  = 1.09 
 shared memory required =  22.06 KB
 average data reuse     = 1.18 
 data transfer (used)   = 0.80 MB 
 data transfer (total)  = 1.99 MB 
 SoA/AoS transfer ratio = 2.47 

 100  4.36778e-04 
 200  3.26659e-04 
 300  2.66219e-04 
 400  2.25900e-04 
 500  1.96707e-04 
 600  1.74514e-04 
 700  1.57058e-04 
 800  1.42967e-04 
 900  1.31349e-04 
 1000  1.21571e-04 

  count   plan time     MPI time(std)        time(std)           GB/s      GB/s   kernel name 
 -------------------------------------------------------------------------------------------
   1000;    0.0000;    0.0000(  0.0000);    8.5677(  0.0000);   32.2699;         ;   save_soln 
   2000;    0.0000;    0.0000(  0.0000);   40.1719(  0.0000);  12.6335;  12.7167;   adt_calc 
   2000;    0.0000;    0.0000(  0.0000);   76.7261(  0.0000);  22.8911;  23.4969;   res_calc 
   2000;    0.0000;    0.0000(  0.0000);    0.9334(  0.0000);   1.8004;   4.4784;   bres_calc 
   2000;    0.0000;    0.0000(  0.0000);   31.3134(  0.0000);   30.9017;         ;   update 
Total plan time:   2.3012
Max total runtime = 157.731921
--------------------
--------------------

 Initializing OP2
reading in grid 
initialising flow field 

  OP diagnostic output
  --------------------

       set       size
  -------------------
     nodes    2883601
     edges    5757200
    bedges       5600
     cells    2880000

       map        dim       from         to
  -----------------------------------------
     pedge          2      edges      nodes
    pecell          2      edges      cells
    pbedge          2     bedges      nodes
   pbecell          1     bedges      cells
     pcell          4      cells      nodes

       dat        dim        set
  ------------------------------
   p_bound          1     bedges
       p_x          2      nodes
       p_q          4      cells
    p_qold          4      cells
     p_adt          1      cells
     p_res          4      cells

 new execution plan #0 for kernel adt_calc
 number of blocks       = 7500 
 number of block colors = 1 
 maximum block size     = 384 
 average thread colors  = 1.00 
 shared memory required =  12.06 KB
 average data reuse     = 1.99 
 data transfer (used)   = 242.00 MB 
 data transfer (total)  = 243.60 MB 
 SoA/AoS transfer ratio = 1.01 

 new execution plan #1 for kernel res_calc
 number of blocks       = 22490 
 number of block colors = 4 
 maximum block size     = 256 
 average thread colors  = 3.00 
 shared memory required =  23.44 KB, 26.19 KB, 26.19 KB, 26.19 KB
 average data reuse     = 1.98 
 data transfer (used)   = 837.47 MB 
 data transfer (total)  = 859.67 MB 
 SoA/AoS transfer ratio = 1.06 

 new execution plan #2 for kernel bres_calc
 number of blocks       = 22 
 number of block colors = 1 
 maximum block size     = 256 
 average thread colors  = 1.09 
 shared memory required =  22.06 KB
 average data reuse     = 1.18 
 data transfer (used)   = 0.80 MB 
 data transfer (total)  = 1.99 MB 
 SoA/AoS transfer ratio = 2.47 

 100  4.36778e-04 
 200  3.26659e-04 
 300  2.66219e-04 
 400  2.25900e-04 
 500  1.96707e-04 
 600  1.74514e-04 
 700  1.57058e-04 
 800  1.42967e-04 
 900  1.31349e-04 
 1000  1.21571e-04 

  count   plan time     MPI time(std)        time(std)           GB/s      GB/s   kernel name 
 -------------------------------------------------------------------------------------------
   1000;    0.0000;    0.0000(  0.0000);    8.5161(  0.0000);   32.4655;         ;   save_soln 
   2000;    0.0000;    0.0000(  0.0000);   39.7097(  0.0000);  12.7805;  12.8647;   adt_calc 
   2000;    0.0000;    0.0000(  0.0000);   69.5145(  0.0000);  25.2659;  25.9346;   res_calc 
   2000;    0.0000;    0.0000(  0.0000);    0.6085(  0.0000);   2.7615;   6.8690;   bres_calc 
   2000;    0.0000;    0.0000(  0.0000);   29.6970(  0.0000);   32.5838;         ;   update 
Total plan time:   2.2825
Max total runtime = 148.065297
--------------------
--------------------

 Initializing OP2
reading in grid 
initialising flow field 

  OP diagnostic output
  --------------------

       set       size
  -------------------
     nodes    2883601
     edges    5757200
    bedges       5600
     cells    2880000

       map        dim       from         to
  -----------------------------------------
     pedge          2      edges      nodes
    pecell          2      edges      cells
    pbedge          2     bedges      nodes
   pbecell          1     bedges      cells
     pcell          4      cells      nodes

       dat        dim        set
  ------------------------------
   p_bound          1     bedges
       p_x          2      nodes
       p_q          4      cells
    p_qold          4      cells
     p_adt          1      cells
     p_res          4      cells

 new execution plan #0 for kernel adt_calc
 number of blocks       = 7500 
 number of block colors = 1 
 maximum block size     = 384 
 average thread colors  = 1.00 
 shared memory required =  12.06 KB
 average data reuse     = 1.99 
 data transfer (used)   = 242.00 MB 
 data transfer (total)  = 243.60 MB 
 SoA/AoS transfer ratio = 1.01 

 new execution plan #1 for kernel res_calc
 number of blocks       = 22490 
 number of block colors = 4 
 maximum block size     = 256 
 average thread colors  = 3.00 
 shared memory required =  23.44 KB, 26.19 KB, 26.19 KB, 26.19 KB
 average data reuse     = 1.98 
 data transfer (used)   = 837.47 MB 
 data transfer (total)  = 859.67 MB 
 SoA/AoS transfer ratio = 1.06 

 new execution plan #2 for kernel bres_calc
 number of blocks       = 22 
 number of block colors = 1 
 maximum block size     = 256 
 average thread colors  = 1.09 
 shared memory required =  22.06 KB
 average data reuse     = 1.18 
 data transfer (used)   = 0.80 MB 
 data transfer (total)  = 1.99 MB 
 SoA/AoS transfer ratio = 2.47 

 100  4.36778e-04 
 200  3.26659e-04 
 300  2.66219e-04 
 400  2.25900e-04 
 500  1.96707e-04 
 600  1.74514e-04 
 700  1.57058e-04 
 800  1.42967e-04 
 900  1.31349e-04 
 1000  1.21571e-04 

  count   plan time     MPI time(std)        time(std)           GB/s      GB/s   kernel name 
 -------------------------------------------------------------------------------------------
   1000;    0.0000;    0.0000(  0.0000);    8.4993(  0.0000);   32.5297;         ;   save_soln 
   2000;    0.0000;    0.0000(  0.0000);   39.5373(  0.0000);  12.8363;  12.9208;   adt_calc 
   2000;    0.0000;    0.0000(  0.0000);   70.4472(  0.0000);  24.9313;  25.5912;   res_calc 
   2000;    0.0000;    0.0000(  0.0000);    0.6598(  0.0000);   2.5469;   6.3351;   bres_calc 
   2000;    0.0000;    0.0000(  0.0000);   29.9949(  0.0000);   32.2601;         ;   update 
Total plan time:   2.2793
Max total runtime = 149.156117
--------------------
--------------------

 Initializing OP2
reading in grid 
initialising flow field 

  OP diagnostic output
  --------------------

       set       size
  -------------------
     nodes    2883601
     edges    5757200
    bedges       5600
     cells    2880000

       map        dim       from         to
  -----------------------------------------
     pedge          2      edges      nodes
    pecell          2      edges      cells
    pbedge          2     bedges      nodes
   pbecell          1     bedges      cells
     pcell          4      cells      nodes

       dat        dim        set
  ------------------------------
   p_bound          1     bedges
       p_x          2      nodes
       p_q          4      cells
    p_qold          4      cells
     p_adt          1      cells
     p_res          4      cells

 new execution plan #0 for kernel adt_calc
 number of blocks       = 7500 
 number of block colors = 1 
 maximum block size     = 384 
 average thread colors  = 1.00 
 shared memory required =  12.06 KB
 average data reuse     = 1.99 
 data transfer (used)   = 242.00 MB 
 data transfer (total)  = 243.60 MB 
 SoA/AoS transfer ratio = 1.01 

 new execution plan #1 for kernel res_calc
 number of blocks       = 22490 
 number of block colors = 4 
 maximum block size     = 256 
 average thread colors  = 3.00 
 shared memory required =  23.44 KB, 26.19 KB, 26.19 KB, 26.19 KB
 average data reuse     = 1.98 
 data transfer (used)   = 837.47 MB 
 data transfer (total)  = 859.67 MB 
 SoA/AoS transfer ratio = 1.06 

 new execution plan #2 for kernel bres_calc
 number of blocks       = 22 
 number of block colors = 1 
 maximum block size     = 256 
 average thread colors  = 1.09 
 shared memory required =  22.06 KB
 average data reuse     = 1.18 
 data transfer (used)   = 0.80 MB 
 data transfer (total)  = 1.99 MB 
 SoA/AoS transfer ratio = 2.47 

 100  4.36778e-04 
 200  3.26659e-04 
 300  2.66219e-04 
 400  2.25900e-04 
 500  1.96707e-04 
 600  1.74514e-04 
 700  1.57058e-04 
 800  1.42967e-04 
 900  1.31349e-04 
 1000  1.21571e-04 

  count   plan time     MPI time(std)        time(std)           GB/s      GB/s   kernel name 
 -------------------------------------------------------------------------------------------
   1000;    0.0000;    0.0000(  0.0000);    8.4884(  0.0000);   32.5715;         ;   save_soln 
   2000;    0.0000;    0.0000(  0.0000);   39.4634(  0.0000);  12.8603;  12.9450;   adt_calc 
   2000;    0.0000;    0.0000(  0.0000);   72.1091(  0.0000);  24.3568;  25.0014;   res_calc 
   2000;    0.0000;    0.0000(  0.0000);    0.6866(  0.0000);   2.4476;   6.0881;   bres_calc 
   2000;    0.0000;    0.0000(  0.0000);   30.3718(  0.0000);   31.8598;         ;   update 
Total plan time:   2.3074
Max total runtime = 151.136288
--------------------
--------------------

 Initializing OP2
reading in grid 
initialising flow field 

  OP diagnostic output
  --------------------

       set       size
  -------------------
     nodes    2883601
     edges    5757200
    bedges       5600
     cells    2880000

       map        dim       from         to
  -----------------------------------------
     pedge          2      edges      nodes
    pecell          2      edges      cells
    pbedge          2     bedges      nodes
   pbecell          1     bedges      cells
     pcell          4      cells      nodes

       dat        dim        set
  ------------------------------
   p_bound          1     bedges
       p_x          2      nodes
       p_q          4      cells
    p_qold          4      cells
     p_adt          1      cells
     p_res          4      cells

 new execution plan #0 for kernel adt_calc
 number of blocks       = 7500 
 number of block colors = 1 
 maximum block size     = 384 
 average thread colors  = 1.00 
 shared memory required =  12.06 KB
 average data reuse     = 1.99 
 data transfer (used)   = 242.00 MB 
 data transfer (total)  = 243.60 MB 
 SoA/AoS transfer ratio = 1.01 

 new execution plan #1 for kernel res_calc
 number of blocks       = 22490 
 number of block colors = 4 
 maximum block size     = 256 
 average thread colors  = 3.00 
 shared memory required =  23.44 KB, 26.19 KB, 26.19 KB, 26.19 KB
 average data reuse     = 1.98 
 data transfer (used)   = 837.47 MB 
 data transfer (total)  = 859.67 MB 
 SoA/AoS transfer ratio = 1.06 

 new execution plan #2 for kernel bres_calc
 number of blocks       = 22 
 number of block colors = 1 
 maximum block size     = 256 
 average thread colors  = 1.09 
 shared memory required =  22.06 KB
 average data reuse     = 1.18 
 data transfer (used)   = 0.80 MB 
 data transfer (total)  = 1.99 MB 
 SoA/AoS transfer ratio = 2.47 

 100  4.36778e-04 
 200  3.26659e-04 
 300  2.66219e-04 
 400  2.25900e-04 
 500  1.96707e-04 
 600  1.74514e-04 
 700  1.57058e-04 
 800  1.42967e-04 
 900  1.31349e-04 
 1000  1.21571e-04 

  count   plan time     MPI time(std)        time(std)           GB/s      GB/s   kernel name 
 -------------------------------------------------------------------------------------------
   1000;    0.0000;    0.0000(  0.0000);    8.4450(  0.0000);   32.7388;         ;   save_soln 
   2000;    0.0000;    0.0000(  0.0000);   39.2308(  0.0000);  12.9366;  13.0217;   adt_calc 
   2000;    0.0000;    0.0000(  0.0000);   74.5861(  0.0000);  23.5479;  24.1711;   res_calc 
   2000;    0.0000;    0.0000(  0.0000);    0.7147(  0.0000);   2.3512;   5.8483;   bres_calc 
   2000;    0.0000;    0.0000(  0.0000);   31.0111(  0.0000);   31.2030;         ;   update 
Total plan time:   2.3074
Max total runtime = 154.005421
--------------------
--------------------

 Initializing OP2
reading in grid 
initialising flow field 

  OP diagnostic output
  --------------------

       set       size
  -------------------
     nodes    2883601
     edges    5757200
    bedges       5600
     cells    2880000

       map        dim       from         to
  -----------------------------------------
     pedge          2      edges      nodes
    pecell          2      edges      cells
    pbedge          2     bedges      nodes
   pbecell          1     bedges      cells
     pcell          4      cells      nodes

       dat        dim        set
  ------------------------------
   p_bound          1     bedges
       p_x          2      nodes
       p_q          4      cells
    p_qold          4      cells
     p_adt          1      cells
     p_res          4      cells

 new execution plan #0 for kernel adt_calc
 number of blocks       = 7500 
 number of block colors = 1 
 maximum block size     = 384 
 average thread colors  = 1.00 
 shared memory required =  12.06 KB
 average data reuse     = 1.99 
 data transfer (used)   = 242.00 MB 
 data transfer (total)  = 243.60 MB 
 SoA/AoS transfer ratio = 1.01 

 new execution plan #1 for kernel res_calc
 number of blocks       = 22490 
 number of block colors = 4 
 maximum block size     = 256 
 average thread colors  = 3.00 
 shared memory required =  23.44 KB, 26.19 KB, 26.19 KB, 26.19 KB
 average data reuse     = 1.98 
 data transfer (used)   = 837.47 MB 
 data transfer (total)  = 859.67 MB 
 SoA/AoS transfer ratio = 1.06 

 new execution plan #2 for kernel bres_calc
 number of blocks       = 22 
 number of block colors = 1 
 maximum block size     = 256 
 average thread colors  = 1.09 
 shared memory required =  22.06 KB
 average data reuse     = 1.18 
 data transfer (used)   = 0.80 MB 
 data transfer (total)  = 1.99 MB 
 SoA/AoS transfer ratio = 2.47 

 100  4.36778e-04 
 200  3.26659e-04 
 300  2.66219e-04 
 400  2.25900e-04 
 500  1.96707e-04 
 600  1.74514e-04 
 700  1.57058e-04 
 800  1.42967e-04 
 900  1.31349e-04 
 1000  1.21571e-04 

  count   plan time     MPI time(std)        time(std)           GB/s      GB/s   kernel name 
 -------------------------------------------------------------------------------------------
   1000;    0.0000;    0.0000(  0.0000);    9.1743(  0.0000);   30.1364;         ;   save_soln 
   2000;    0.0000;    0.0000(  0.0000);   44.5534(  0.0000);  11.3911;  11.4661;   adt_calc 
   2000;    0.0000;    0.0000(  0.0000);   87.2267(  0.0000);  20.1354;  20.6683;   res_calc 
   2000;    0.0000;    0.0000(  0.0000);    2.6154(  0.0000);   0.6425;   1.5982;   bres_calc 
   2000;    0.0000;    0.0000(  0.0000);   32.2682(  0.0000);   29.9874;         ;   update 
Total plan time:   2.2958
Max total runtime = 175.858626
--------------------
--------------------

 Initializing OP2
reading in grid 
initialising flow field 

  OP diagnostic output
  --------------------

       set       size
  -------------------
     nodes    2883601
     edges    5757200
    bedges       5600
     cells    2880000

       map        dim       from         to
  -----------------------------------------
     pedge          2      edges      nodes
    pecell          2      edges      cells
    pbedge          2     bedges      nodes
   pbecell          1     bedges      cells
     pcell          4      cells      nodes

       dat        dim        set
  ------------------------------
   p_bound          1     bedges
       p_x          2      nodes
       p_q          4      cells
    p_qold          4      cells
     p_adt          1      cells
     p_res          4      cells

 new execution plan #0 for kernel adt_calc
 number of blocks       = 7500 
 number of block colors = 1 
 maximum block size     = 384 
 average thread colors  = 1.00 
 shared memory required =  12.06 KB
 average data reuse     = 1.99 
 data transfer (used)   = 242.00 MB 
 data transfer (total)  = 243.60 MB 
 SoA/AoS transfer ratio = 1.01 

 new execution plan #1 for kernel res_calc
 number of blocks       = 22490 
 number of block colors = 4 
 maximum block size     = 256 
 average thread colors  = 3.00 
 shared memory required =  23.44 KB, 26.19 KB, 26.19 KB, 26.19 KB
 average data reuse     = 1.98 
 data transfer (used)   = 837.47 MB 
 data transfer (total)  = 859.67 MB 
 SoA/AoS transfer ratio = 1.06 

 new execution plan #2 for kernel bres_calc
 number of blocks       = 22 
 number of block colors = 1 
 maximum block size     = 256 
 average thread colors  = 1.09 
 shared memory required =  22.06 KB
 average data reuse     = 1.18 
 data transfer (used)   = 0.80 MB 
 data transfer (total)  = 1.99 MB 
 SoA/AoS transfer ratio = 2.47 

 100  4.36778e-04 
 200  3.26659e-04 
 300  2.66219e-04 
 400  2.25900e-04 
 500  1.96707e-04 
 600  1.74514e-04 
 700  1.57058e-04 
 800  1.42967e-04 
 900  1.31349e-04 
 1000  1.21571e-04 

  count   plan time     MPI time(std)        time(std)           GB/s      GB/s   kernel name 
 -------------------------------------------------------------------------------------------
   1000;    0.0000;    0.0000(  0.0000);    8.4649(  0.0000);   32.6620;         ;   save_soln 
   2000;    0.0000;    0.0000(  0.0000);   39.3418(  0.0000);  12.9000;  12.9850;   adt_calc 
   2000;    0.0000;    0.0000(  0.0000);   74.7107(  0.0000);  23.5086;  24.1308;   res_calc 
   2000;    0.0000;    0.0000(  0.0000);    0.6722(  0.0000);   2.5000;   6.2185;   bres_calc 
   2000;    0.0000;    0.0000(  0.0000);   31.0892(  0.0000);   31.1247;         ;   update 
Total plan time:   2.2969
Max total runtime = 154.296643
--------------------
--------------------

 Initializing OP2
reading in grid 
initialising flow field 

  OP diagnostic output
  --------------------

       set       size
  -------------------
     nodes    2883601
     edges    5757200
    bedges       5600
     cells    2880000

       map        dim       from         to
  -----------------------------------------
     pedge          2      edges      nodes
    pecell          2      edges      cells
    pbedge          2     bedges      nodes
   pbecell          1     bedges      cells
     pcell          4      cells      nodes

       dat        dim        set
  ------------------------------
   p_bound          1     bedges
       p_x          2      nodes
       p_q          4      cells
    p_qold          4      cells
     p_adt          1      cells
     p_res          4      cells

 new execution plan #0 for kernel adt_calc
 number of blocks       = 7500 
 number of block colors = 1 
 maximum block size     = 384 
 average thread colors  = 1.00 
 shared memory required =  12.06 KB
 average data reuse     = 1.99 
 data transfer (used)   = 242.00 MB 
 data transfer (total)  = 243.60 MB 
 SoA/AoS transfer ratio = 1.01 

 new execution plan #1 for kernel res_calc
 number of blocks       = 22490 
 number of block colors = 4 
 maximum block size     = 256 
 average thread colors  = 3.00 
 shared memory required =  23.44 KB, 26.19 KB, 26.19 KB, 26.19 KB
 average data reuse     = 1.98 
 data transfer (used)   = 837.47 MB 
 data transfer (total)  = 859.67 MB 
 SoA/AoS transfer ratio = 1.06 

 new execution plan #2 for kernel bres_calc
 number of blocks       = 22 
 number of block colors = 1 
 maximum block size     = 256 
 average thread colors  = 1.09 
 shared memory required =  22.06 KB
 average data reuse     = 1.18 
 data transfer (used)   = 0.80 MB 
 data transfer (total)  = 1.99 MB 
 SoA/AoS transfer ratio = 2.47 

 100  4.36778e-04 
 200  3.26659e-04 
 300  2.66219e-04 
 400  2.25900e-04 
 500  1.96707e-04 
 600  1.74514e-04 
 700  1.57058e-04 
 800  1.42967e-04 
 900  1.31349e-04 
 1000  1.21571e-04 

  count   plan time     MPI time(std)        time(std)           GB/s      GB/s   kernel name 
 -------------------------------------------------------------------------------------------
   1000;    0.0000;    0.0000(  0.0000);    8.5004(  0.0000);   32.5255;         ;   save_soln 
   2000;    0.0000;    0.0000(  0.0000);   39.5314(  0.0000);  12.8382;  12.9227;   adt_calc 
   2000;    0.0000;    0.0000(  0.0000);   75.1704(  0.0000);  23.3648;  23.9832;   res_calc 
   2000;    0.0000;    0.0000(  0.0000);    0.7390(  0.0000);   2.2738;   5.6559;   bres_calc 
   2000;    0.0000;    0.0000(  0.0000);   31.1962(  0.0000);   31.0179;         ;   update 
Total plan time:   2.3071
Max total runtime = 155.156104
--------------------
--------------------

 Initializing OP2
reading in grid 
initialising flow field 

  OP diagnostic output
  --------------------

       set       size
  -------------------
     nodes    2883601
     edges    5757200
    bedges       5600
     cells    2880000

       map        dim       from         to
  -----------------------------------------
     pedge          2      edges      nodes
    pecell          2      edges      cells
    pbedge          2     bedges      nodes
   pbecell          1     bedges      cells
     pcell          4      cells      nodes

       dat        dim        set
  ------------------------------
   p_bound          1     bedges
       p_x          2      nodes
       p_q          4      cells
    p_qold          4      cells
     p_adt          1      cells
     p_res          4      cells

 new execution plan #0 for kernel adt_calc
 number of blocks       = 7500 
 number of block colors = 1 
 maximum block size     = 384 
 average thread colors  = 1.00 
 shared memory required =  12.06 KB
 average data reuse     = 1.99 
 data transfer (used)   = 242.00 MB 
 data transfer (total)  = 243.60 MB 
 SoA/AoS transfer ratio = 1.01 

 new execution plan #1 for kernel res_calc
 number of blocks       = 22490 
 number of block colors = 4 
 maximum block size     = 256 
 average thread colors  = 3.00 
 shared memory required =  23.44 KB, 26.19 KB, 26.19 KB, 26.19 KB
 average data reuse     = 1.98 
 data transfer (used)   = 837.47 MB 
 data transfer (total)  = 859.67 MB 
 SoA/AoS transfer ratio = 1.06 

 new execution plan #2 for kernel bres_calc
 number of blocks       = 22 
 number of block colors = 1 
 maximum block size     = 256 
 average thread colors  = 1.09 
 shared memory required =  22.06 KB
 average data reuse     = 1.18 
 data transfer (used)   = 0.80 MB 
 data transfer (total)  = 1.99 MB 
 SoA/AoS transfer ratio = 2.47 

 100  4.36778e-04 
 200  3.26659e-04 
 300  2.66219e-04 
 400  2.25900e-04 
 500  1.96707e-04 
 600  1.74514e-04 
 700  1.57058e-04 
 800  1.42967e-04 
 900  1.31349e-04 
 1000  1.21571e-04 

  count   plan time     MPI time(std)        time(std)           GB/s      GB/s   kernel name 
 -------------------------------------------------------------------------------------------
   1000;    0.0000;    0.0000(  0.0000);    8.4803(  0.0000);   32.6026;         ;   save_soln 
   2000;    0.0000;    0.0000(  0.0000);   39.6620(  0.0000);  12.7959;  12.8802;   adt_calc 
   2000;    0.0000;    0.0000(  0.0000);   72.9826(  0.0000);  24.0652;  24.7022;   res_calc 
   2000;    0.0000;    0.0000(  0.0000);    0.7042(  0.0000);   2.3863;   5.9357;   bres_calc 
   2000;    0.0000;    0.0000(  0.0000);   30.7439(  0.0000);   31.4742;         ;   update 
Total plan time:   2.2840
Max total runtime = 152.590805
--------------------
--------------------

 Initializing OP2
reading in grid 
initialising flow field 

  OP diagnostic output
  --------------------

       set       size
  -------------------
     nodes    2883601
     edges    5757200
    bedges       5600
     cells    2880000

       map        dim       from         to
  -----------------------------------------
     pedge          2      edges      nodes
    pecell          2      edges      cells
    pbedge          2     bedges      nodes
   pbecell          1     bedges      cells
     pcell          4      cells      nodes

       dat        dim        set
  ------------------------------
   p_bound          1     bedges
       p_x          2      nodes
       p_q          4      cells
    p_qold          4      cells
     p_adt          1      cells
     p_res          4      cells

 new execution plan #0 for kernel adt_calc
 number of blocks       = 7500 
 number of block colors = 1 
 maximum block size     = 384 
 average thread colors  = 1.00 
 shared memory required =  12.06 KB
 average data reuse     = 1.99 
 data transfer (used)   = 242.00 MB 
 data transfer (total)  = 243.60 MB 
 SoA/AoS transfer ratio = 1.01 

 new execution plan #1 for kernel res_calc
 number of blocks       = 22490 
 number of block colors = 4 
 maximum block size     = 256 
 average thread colors  = 3.00 
 shared memory required =  23.44 KB, 26.19 KB, 26.19 KB, 26.19 KB
 average data reuse     = 1.98 
 data transfer (used)   = 837.47 MB 
 data transfer (total)  = 859.67 MB 
 SoA/AoS transfer ratio = 1.06 

 new execution plan #2 for kernel bres_calc
 number of blocks       = 22 
 number of block colors = 1 
 maximum block size     = 256 
 average thread colors  = 1.09 
 shared memory required =  22.06 KB
 average data reuse     = 1.18 
 data transfer (used)   = 0.80 MB 
 data transfer (total)  = 1.99 MB 
 SoA/AoS transfer ratio = 2.47 

 100  4.36778e-04 
 200  3.26659e-04 
 300  2.66219e-04 
 400  2.25900e-04 
 500  1.96707e-04 
 600  1.74514e-04 
 700  1.57058e-04 
 800  1.42967e-04 
 900  1.31349e-04 
 1000  1.21571e-04 

  count   plan time     MPI time(std)        time(std)           GB/s      GB/s   kernel name 
 -------------------------------------------------------------------------------------------
   1000;    0.0000;    0.0000(  0.0000);    8.4584(  0.0000);   32.6869;         ;   save_soln 
   2000;    0.0000;    0.0000(  0.0000);   39.4298(  0.0000);  12.8713;  12.9560;   adt_calc 
   2000;    0.0000;    0.0000(  0.0000);   73.0853(  0.0000);  24.0314;  24.6675;   res_calc 
   2000;    0.0000;    0.0000(  0.0000);    0.6728(  0.0000);   2.4977;   6.2129;   bres_calc 
   2000;    0.0000;    0.0000(  0.0000);   30.7401(  0.0000);   31.4780;         ;   update 
Total plan time:   2.2807
Max total runtime = 152.403786
--------------------
--------------------

 Initializing OP2
reading in grid 
initialising flow field 

  OP diagnostic output
  --------------------

       set       size
  -------------------
     nodes    2883601
     edges    5757200
    bedges       5600
     cells    2880000

       map        dim       from         to
  -----------------------------------------
     pedge          2      edges      nodes
    pecell          2      edges      cells
    pbedge          2     bedges      nodes
   pbecell          1     bedges      cells
     pcell          4      cells      nodes

       dat        dim        set
  ------------------------------
   p_bound          1     bedges
       p_x          2      nodes
       p_q          4      cells
    p_qold          4      cells
     p_adt          1      cells
     p_res          4      cells

 new execution plan #0 for kernel adt_calc
 number of blocks       = 7500 
 number of block colors = 1 
 maximum block size     = 384 
 average thread colors  = 1.00 
 shared memory required =  12.06 KB
 average data reuse     = 1.99 
 data transfer (used)   = 242.00 MB 
 data transfer (total)  = 243.60 MB 
 SoA/AoS transfer ratio = 1.01 

 new execution plan #1 for kernel res_calc
 number of blocks       = 22490 
 number of block colors = 4 
 maximum block size     = 256 
 average thread colors  = 3.00 
 shared memory required =  23.44 KB, 26.19 KB, 26.19 KB, 26.19 KB
 average data reuse     = 1.98 
 data transfer (used)   = 837.47 MB 
 data transfer (total)  = 859.67 MB 
 SoA/AoS transfer ratio = 1.06 

 new execution plan #2 for kernel bres_calc
 number of blocks       = 22 
 number of block colors = 1 
 maximum block size     = 256 
 average thread colors  = 1.09 
 shared memory required =  22.06 KB
 average data reuse     = 1.18 
 data transfer (used)   = 0.80 MB 
 data transfer (total)  = 1.99 MB 
 SoA/AoS transfer ratio = 2.47 

 100  4.36778e-04 
 200  3.26659e-04 
 300  2.66219e-04 
 400  2.25900e-04 
 500  1.96707e-04 
 600  1.74514e-04 
 700  1.57058e-04 
 800  1.42967e-04 
 900  1.31349e-04 
 1000  1.21571e-04 

  count   plan time     MPI time(std)        time(std)           GB/s      GB/s   kernel name 
 -------------------------------------------------------------------------------------------
   1000;    0.0000;    0.0000(  0.0000);    8.4165(  0.0000);   32.8498;         ;   save_soln 
   2000;    0.0000;    0.0000(  0.0000);   39.2971(  0.0000);  12.9147;  12.9998;   adt_calc 
   2000;    0.0000;    0.0000(  0.0000);   74.7431(  0.0000);  23.4984;  24.1204;   res_calc 
   2000;    0.0000;    0.0000(  0.0000);    0.7164(  0.0000);   2.3458;   5.8349;   bres_calc 
   2000;    0.0000;    0.0000(  0.0000);   31.1045(  0.0000);   31.1093;         ;   update 
Total plan time:   2.3146
Max total runtime = 154.294367
--------------------
--------------------

 Initializing OP2
reading in grid 
initialising flow field 

  OP diagnostic output
  --------------------

       set       size
  -------------------
     nodes    2883601
     edges    5757200
    bedges       5600
     cells    2880000

       map        dim       from         to
  -----------------------------------------
     pedge          2      edges      nodes
    pecell          2      edges      cells
    pbedge          2     bedges      nodes
   pbecell          1     bedges      cells
     pcell          4      cells      nodes

       dat        dim        set
  ------------------------------
   p_bound          1     bedges
       p_x          2      nodes
       p_q          4      cells
    p_qold          4      cells
     p_adt          1      cells
     p_res          4      cells

 new execution plan #0 for kernel adt_calc
 number of blocks       = 7500 
 number of block colors = 1 
 maximum block size     = 384 
 average thread colors  = 1.00 
 shared memory required =  12.06 KB
 average data reuse     = 1.99 
 data transfer (used)   = 242.00 MB 
 data transfer (total)  = 243.60 MB 
 SoA/AoS transfer ratio = 1.01 

 new execution plan #1 for kernel res_calc
 number of blocks       = 22490 
 number of block colors = 4 
 maximum block size     = 256 
 average thread colors  = 3.00 
 shared memory required =  23.44 KB, 26.19 KB, 26.19 KB, 26.19 KB
 average data reuse     = 1.98 
 data transfer (used)   = 837.47 MB 
 data transfer (total)  = 859.67 MB 
 SoA/AoS transfer ratio = 1.06 

 new execution plan #2 for kernel bres_calc
 number of blocks       = 22 
 number of block colors = 1 
 maximum block size     = 256 
 average thread colors  = 1.09 
 shared memory required =  22.06 KB
 average data reuse     = 1.18 
 data transfer (used)   = 0.80 MB 
 data transfer (total)  = 1.99 MB 
 SoA/AoS transfer ratio = 2.47 

 100  4.36778e-04 
 200  3.26659e-04 
 300  2.66219e-04 
 400  2.25900e-04 
 500  1.96707e-04 
 600  1.74514e-04 
 700  1.57058e-04 
 800  1.42967e-04 
 900  1.31349e-04 
 1000  1.21571e-04 

  count   plan time     MPI time(std)        time(std)           GB/s      GB/s   kernel name 
 -------------------------------------------------------------------------------------------
   1000;    0.0000;    0.0000(  0.0000);    8.6324(  0.0000);   32.0282;         ;   save_soln 
   2000;    0.0000;    0.0000(  0.0000);   40.5360(  0.0000);  12.5200;  12.6025;   adt_calc 
   2000;    0.0000;    0.0000(  0.0000);   77.5535(  0.0000);  22.6469;  23.2463;   res_calc 
   2000;    0.0000;    0.0000(  0.0000);    1.1297(  0.0000);   1.4876;   3.7002;   bres_calc 
   2000;    0.0000;    0.0000(  0.0000);   31.2787(  0.0000);   30.9360;         ;   update 
Total plan time:   2.2768
Max total runtime = 159.147129
--------------------
--------------------

 Initializing OP2
reading in grid 
initialising flow field 

  OP diagnostic output
  --------------------

       set       size
  -------------------
     nodes    2883601
     edges    5757200
    bedges       5600
     cells    2880000

       map        dim       from         to
  -----------------------------------------
     pedge          2      edges      nodes
    pecell          2      edges      cells
    pbedge          2     bedges      nodes
   pbecell          1     bedges      cells
     pcell          4      cells      nodes

       dat        dim        set
  ------------------------------
   p_bound          1     bedges
       p_x          2      nodes
       p_q          4      cells
    p_qold          4      cells
     p_adt          1      cells
     p_res          4      cells

 new execution plan #0 for kernel adt_calc
 number of blocks       = 7500 
 number of block colors = 1 
 maximum block size     = 384 
 average thread colors  = 1.00 
 shared memory required =  12.06 KB
 average data reuse     = 1.99 
 data transfer (used)   = 242.00 MB 
 data transfer (total)  = 243.60 MB 
 SoA/AoS transfer ratio = 1.01 

 new execution plan #1 for kernel res_calc
 number of blocks       = 22490 
 number of block colors = 4 
 maximum block size     = 256 
 average thread colors  = 3.00 
 shared memory required =  23.44 KB, 26.19 KB, 26.19 KB, 26.19 KB
 average data reuse     = 1.98 
 data transfer (used)   = 837.47 MB 
 data transfer (total)  = 859.67 MB 
 SoA/AoS transfer ratio = 1.06 

 new execution plan #2 for kernel bres_calc
 number of blocks       = 22 
 number of block colors = 1 
 maximum block size     = 256 
 average thread colors  = 1.09 
 shared memory required =  22.06 KB
 average data reuse     = 1.18 
 data transfer (used)   = 0.80 MB 
 data transfer (total)  = 1.99 MB 
 SoA/AoS transfer ratio = 2.47 

 100  4.36778e-04 
 200  3.26659e-04 
 300  2.66219e-04 
 400  2.25900e-04 
 500  1.96707e-04 
 600  1.74514e-04 
 700  1.57058e-04 
 800  1.42967e-04 
 900  1.31349e-04 
 1000  1.21571e-04 

  count   plan time     MPI time(std)        time(std)           GB/s      GB/s   kernel name 
 -------------------------------------------------------------------------------------------
   1000;    0.0000;    0.0000(  0.0000);    8.4633(  0.0000);   32.6682;         ;   save_soln 
   2000;    0.0000;    0.0000(  0.0000);   39.3462(  0.0000);  12.8986;  12.9836;   adt_calc 
   2000;    0.0000;    0.0000(  0.0000);   74.8543(  0.0000);  23.4635;  24.0845;   res_calc 
   2000;    0.0000;    0.0000(  0.0000);    0.7035(  0.0000);   2.3888;   5.9420;   bres_calc 
   2000;    0.0000;    0.0000(  0.0000);   31.1486(  0.0000);   31.0653;         ;   update 
Total plan time:   2.2800
Max total runtime = 154.533067
--------------------
--------------------

 Initializing OP2
reading in grid 
initialising flow field 

  OP diagnostic output
  --------------------

       set       size
  -------------------
     nodes    2883601
     edges    5757200
    bedges       5600
     cells    2880000

       map        dim       from         to
  -----------------------------------------
     pedge          2      edges      nodes
    pecell          2      edges      cells
    pbedge          2     bedges      nodes
   pbecell          1     bedges      cells
     pcell          4      cells      nodes

       dat        dim        set
  ------------------------------
   p_bound          1     bedges
       p_x          2      nodes
       p_q          4      cells
    p_qold          4      cells
     p_adt          1      cells
     p_res          4      cells

 new execution plan #0 for kernel adt_calc
 number of blocks       = 7500 
 number of block colors = 1 
 maximum block size     = 384 
 average thread colors  = 1.00 
 shared memory required =  12.06 KB
 average data reuse     = 1.99 
 data transfer (used)   = 242.00 MB 
 data transfer (total)  = 243.60 MB 
 SoA/AoS transfer ratio = 1.01 

 new execution plan #1 for kernel res_calc
 number of blocks       = 22490 
 number of block colors = 4 
 maximum block size     = 256 
 average thread colors  = 3.00 
 shared memory required =  23.44 KB, 26.19 KB, 26.19 KB, 26.19 KB
 average data reuse     = 1.98 
 data transfer (used)   = 837.47 MB 
 data transfer (total)  = 859.67 MB 
 SoA/AoS transfer ratio = 1.06 

 new execution plan #2 for kernel bres_calc
 number of blocks       = 22 
 number of block colors = 1 
 maximum block size     = 256 
 average thread colors  = 1.09 
 shared memory required =  22.06 KB
 average data reuse     = 1.18 
 data transfer (used)   = 0.80 MB 
 data transfer (total)  = 1.99 MB 
 SoA/AoS transfer ratio = 2.47 

 100  4.36778e-04 
 200  3.26659e-04 
 300  2.66219e-04 
 400  2.25900e-04 
 500  1.96707e-04 
 600  1.74514e-04 
 700  1.57058e-04 
 800  1.42967e-04 
 900  1.31349e-04 
 1000  1.21571e-04 

  count   plan time     MPI time(std)        time(std)           GB/s      GB/s   kernel name 
 -------------------------------------------------------------------------------------------
   1000;    0.0000;    0.0000(  0.0000);    8.4568(  0.0000);   32.6933;         ;   save_soln 
   2000;    0.0000;    0.0000(  0.0000);   39.4218(  0.0000);  12.8739;  12.9586;   adt_calc 
   2000;    0.0000;    0.0000(  0.0000);   73.8093(  0.0000);  23.7957;  24.4255;   res_calc 
   2000;    0.0000;    0.0000(  0.0000);    0.6566(  0.0000);   2.5594;   6.3662;   bres_calc 
   2000;    0.0000;    0.0000(  0.0000);   30.9304(  0.0000);   31.2844;         ;   update 
Total plan time:   2.2940
Max total runtime = 153.292357
--------------------
--------------------

 Initializing OP2
reading in grid 
initialising flow field 

  OP diagnostic output
  --------------------

       set       size
  -------------------
     nodes    2883601
     edges    5757200
    bedges       5600
     cells    2880000

       map        dim       from         to
  -----------------------------------------
     pedge          2      edges      nodes
    pecell          2      edges      cells
    pbedge          2     bedges      nodes
   pbecell          1     bedges      cells
     pcell          4      cells      nodes

       dat        dim        set
  ------------------------------
   p_bound          1     bedges
       p_x          2      nodes
       p_q          4      cells
    p_qold          4      cells
     p_adt          1      cells
     p_res          4      cells

 new execution plan #0 for kernel adt_calc
 number of blocks       = 7500 
 number of block colors = 1 
 maximum block size     = 384 
 average thread colors  = 1.00 
 shared memory required =  12.06 KB
 average data reuse     = 1.99 
 data transfer (used)   = 242.00 MB 
 data transfer (total)  = 243.60 MB 
 SoA/AoS transfer ratio = 1.01 

 new execution plan #1 for kernel res_calc
 number of blocks       = 22490 
 number of block colors = 4 
 maximum block size     = 256 
 average thread colors  = 3.00 
 shared memory required =  23.44 KB, 26.19 KB, 26.19 KB, 26.19 KB
 average data reuse     = 1.98 
 data transfer (used)   = 837.47 MB 
 data transfer (total)  = 859.67 MB 
 SoA/AoS transfer ratio = 1.06 

 new execution plan #2 for kernel bres_calc
 number of blocks       = 22 
 number of block colors = 1 
 maximum block size     = 256 
 average thread colors  = 1.09 
 shared memory required =  22.06 KB
 average data reuse     = 1.18 
 data transfer (used)   = 0.80 MB 
 data transfer (total)  = 1.99 MB 
 SoA/AoS transfer ratio = 2.47 

 100  4.36778e-04 
 200  3.26659e-04 
 300  2.66219e-04 
 400  2.25900e-04 
 500  1.96707e-04 
 600  1.74514e-04 
 700  1.57058e-04 
 800  1.42967e-04 
 900  1.31349e-04 
 1000  1.21571e-04 

  count   plan time     MPI time(std)        time(std)           GB/s      GB/s   kernel name 
 -------------------------------------------------------------------------------------------
   1000;    0.0000;    0.0000(  0.0000);    8.4731(  0.0000);   32.6304;         ;   save_soln 
   2000;    0.0000;    0.0000(  0.0000);   39.3541(  0.0000);  12.8960;  12.9810;   adt_calc 
   2000;    0.0000;    0.0000(  0.0000);   73.8578(  0.0000);  23.7801;  24.4095;   res_calc 
   2000;    0.0000;    0.0000(  0.0000);    0.7011(  0.0000);   2.3969;   5.9620;   bres_calc 
   2000;    0.0000;    0.0000(  0.0000);   30.9601(  0.0000);   31.2544;         ;   update 
Total plan time:   2.3031
Max total runtime = 153.363814
--------------------
--------------------

 Initializing OP2
reading in grid 
initialising flow field 

  OP diagnostic output
  --------------------

       set       size
  -------------------
     nodes    2883601
     edges    5757200
    bedges       5600
     cells    2880000

       map        dim       from         to
  -----------------------------------------
     pedge          2      edges      nodes
    pecell          2      edges      cells
    pbedge          2     bedges      nodes
   pbecell          1     bedges      cells
     pcell          4      cells      nodes

       dat        dim        set
  ------------------------------
   p_bound          1     bedges
       p_x          2      nodes
       p_q          4      cells
    p_qold          4      cells
     p_adt          1      cells
     p_res          4      cells

 new execution plan #0 for kernel adt_calc
 number of blocks       = 7500 
 number of block colors = 1 
 maximum block size     = 384 
 average thread colors  = 1.00 
 shared memory required =  12.06 KB
 average data reuse     = 1.99 
 data transfer (used)   = 242.00 MB 
 data transfer (total)  = 243.60 MB 
 SoA/AoS transfer ratio = 1.01 

 new execution plan #1 for kernel res_calc
 number of blocks       = 22490 
 number of block colors = 4 
 maximum block size     = 256 
 average thread colors  = 3.00 
 shared memory required =  23.44 KB, 26.19 KB, 26.19 KB, 26.19 KB
 average data reuse     = 1.98 
 data transfer (used)   = 837.47 MB 
 data transfer (total)  = 859.67 MB 
 SoA/AoS transfer ratio = 1.06 

 new execution plan #2 for kernel bres_calc
 number of blocks       = 22 
 number of block colors = 1 
 maximum block size     = 256 
 average thread colors  = 1.09 
 shared memory required =  22.06 KB
 average data reuse     = 1.18 
 data transfer (used)   = 0.80 MB 
 data transfer (total)  = 1.99 MB 
 SoA/AoS transfer ratio = 2.47 

 100  4.36778e-04 
 200  3.26659e-04 
 300  2.66219e-04 
 400  2.25900e-04 
 500  1.96707e-04 
 600  1.74514e-04 
 700  1.57058e-04 
 800  1.42967e-04 
 900  1.31349e-04 
 1000  1.21571e-04 

  count   plan time     MPI time(std)        time(std)           GB/s      GB/s   kernel name 
 -------------------------------------------------------------------------------------------
   1000;    0.0000;    0.0000(  0.0000);    8.4732(  0.0000);   32.6299;         ;   save_soln 
   2000;    0.0000;    0.0000(  0.0000);   39.4698(  0.0000);  12.8582;  12.9429;   adt_calc 
   2000;    0.0000;    0.0000(  0.0000);   74.0862(  0.0000);  23.7068;  24.3342;   res_calc 
   2000;    0.0000;    0.0000(  0.0000);    0.6945(  0.0000);   2.4195;   6.0184;   bres_calc 
   2000;    0.0000;    0.0000(  0.0000);   30.9795(  0.0000);   31.2349;         ;   update 
Total plan time:   2.2778
Max total runtime = 153.719981
--------------------
--------------------

 Initializing OP2
reading in grid 
initialising flow field 

  OP diagnostic output
  --------------------

       set       size
  -------------------
     nodes    2883601
     edges    5757200
    bedges       5600
     cells    2880000

       map        dim       from         to
  -----------------------------------------
     pedge          2      edges      nodes
    pecell          2      edges      cells
    pbedge          2     bedges      nodes
   pbecell          1     bedges      cells
     pcell          4      cells      nodes

       dat        dim        set
  ------------------------------
   p_bound          1     bedges
       p_x          2      nodes
       p_q          4      cells
    p_qold          4      cells
     p_adt          1      cells
     p_res          4      cells

 new execution plan #0 for kernel adt_calc
 number of blocks       = 7500 
 number of block colors = 1 
 maximum block size     = 384 
 average thread colors  = 1.00 
 shared memory required =  12.06 KB
 average data reuse     = 1.99 
 data transfer (used)   = 242.00 MB 
 data transfer (total)  = 243.60 MB 
 SoA/AoS transfer ratio = 1.01 

 new execution plan #1 for kernel res_calc
 number of blocks       = 22490 
 number of block colors = 4 
 maximum block size     = 256 
 average thread colors  = 3.00 
 shared memory required =  23.44 KB, 26.19 KB, 26.19 KB, 26.19 KB
 average data reuse     = 1.98 
 data transfer (used)   = 837.47 MB 
 data transfer (total)  = 859.67 MB 
 SoA/AoS transfer ratio = 1.06 

 new execution plan #2 for kernel bres_calc
 number of blocks       = 22 
 number of block colors = 1 
 maximum block size     = 256 
 average thread colors  = 1.09 
 shared memory required =  22.06 KB
 average data reuse     = 1.18 
 data transfer (used)   = 0.80 MB 
 data transfer (total)  = 1.99 MB 
 SoA/AoS transfer ratio = 2.47 

 100  4.36778e-04 
 200  3.26659e-04 
 300  2.66219e-04 
 400  2.25900e-04 
 500  1.96707e-04 
 600  1.74514e-04 
 700  1.57058e-04 
 800  1.42967e-04 
 900  1.31349e-04 
 1000  1.21571e-04 

  count   plan time     MPI time(std)        time(std)           GB/s      GB/s   kernel name 
 -------------------------------------------------------------------------------------------
   1000;    0.0000;    0.0000(  0.0000);    8.4666(  0.0000);   32.6553;         ;   save_soln 
   2000;    0.0000;    0.0000(  0.0000);   39.4764(  0.0000);  12.8561;  12.9407;   adt_calc 
   2000;    0.0000;    0.0000(  0.0000);   74.7651(  0.0000);  23.4915;  24.1133;   res_calc 
   2000;    0.0000;    0.0000(  0.0000);    0.7388(  0.0000);   2.2746;   5.6579;   bres_calc 
   2000;    0.0000;    0.0000(  0.0000);   31.0530(  0.0000);   31.1609;         ;   update 
Total plan time:   2.2782
Max total runtime = 154.516733
--------------------
--------------------

 Initializing OP2
reading in grid 
initialising flow field 

  OP diagnostic output
  --------------------

       set       size
  -------------------
     nodes    2883601
     edges    5757200
    bedges       5600
     cells    2880000

       map        dim       from         to
  -----------------------------------------
     pedge          2      edges      nodes
    pecell          2      edges      cells
    pbedge          2     bedges      nodes
   pbecell          1     bedges      cells
     pcell          4      cells      nodes

       dat        dim        set
  ------------------------------
   p_bound          1     bedges
       p_x          2      nodes
       p_q          4      cells
    p_qold          4      cells
     p_adt          1      cells
     p_res          4      cells

 new execution plan #0 for kernel adt_calc
 number of blocks       = 7500 
 number of block colors = 1 
 maximum block size     = 384 
 average thread colors  = 1.00 
 shared memory required =  12.06 KB
 average data reuse     = 1.99 
 data transfer (used)   = 242.00 MB 
 data transfer (total)  = 243.60 MB 
 SoA/AoS transfer ratio = 1.01 

 new execution plan #1 for kernel res_calc
 number of blocks       = 22490 
 number of block colors = 4 
 maximum block size     = 256 
 average thread colors  = 3.00 
 shared memory required =  23.44 KB, 26.19 KB, 26.19 KB, 26.19 KB
 average data reuse     = 1.98 
 data transfer (used)   = 837.47 MB 
 data transfer (total)  = 859.67 MB 
 SoA/AoS transfer ratio = 1.06 

 new execution plan #2 for kernel bres_calc
 number of blocks       = 22 
 number of block colors = 1 
 maximum block size     = 256 
 average thread colors  = 1.09 
 shared memory required =  22.06 KB
 average data reuse     = 1.18 
 data transfer (used)   = 0.80 MB 
 data transfer (total)  = 1.99 MB 
 SoA/AoS transfer ratio = 2.47 

 100  4.36778e-04 
 200  3.26659e-04 
 300  2.66219e-04 
 400  2.25900e-04 
 500  1.96707e-04 
 600  1.74514e-04 
 700  1.57058e-04 
 800  1.42967e-04 
 900  1.31349e-04 
 1000  1.21571e-04 

  count   plan time     MPI time(std)        time(std)           GB/s      GB/s   kernel name 
 -------------------------------------------------------------------------------------------
   1000;    0.0000;    0.0000(  0.0000);    8.4412(  0.0000);   32.7536;         ;   save_soln 
   2000;    0.0000;    0.0000(  0.0000);   39.2991(  0.0000);  12.9141;  12.9991;   adt_calc 
   2000;    0.0000;    0.0000(  0.0000);   74.1837(  0.0000);  23.6756;  24.3022;   res_calc 
   2000;    0.0000;    0.0000(  0.0000);    0.6403(  0.0000);   2.6244;   6.5280;   bres_calc 
   2000;    0.0000;    0.0000(  0.0000);   31.0923(  0.0000);   31.1215;         ;   update 
Total plan time:   2.2743
Max total runtime = 153.673441
--------------------
--------------------

 Initializing OP2
reading in grid 
initialising flow field 

  OP diagnostic output
  --------------------

       set       size
  -------------------
     nodes    2883601
     edges    5757200
    bedges       5600
     cells    2880000

       map        dim       from         to
  -----------------------------------------
     pedge          2      edges      nodes
    pecell          2      edges      cells
    pbedge          2     bedges      nodes
   pbecell          1     bedges      cells
     pcell          4      cells      nodes

       dat        dim        set
  ------------------------------
   p_bound          1     bedges
       p_x          2      nodes
       p_q          4      cells
    p_qold          4      cells
     p_adt          1      cells
     p_res          4      cells

 new execution plan #0 for kernel adt_calc
 number of blocks       = 7500 
 number of block colors = 1 
 maximum block size     = 384 
 average thread colors  = 1.00 
 shared memory required =  12.06 KB
 average data reuse     = 1.99 
 data transfer (used)   = 242.00 MB 
 data transfer (total)  = 243.60 MB 
 SoA/AoS transfer ratio = 1.01 

 new execution plan #1 for kernel res_calc
 number of blocks       = 22490 
 number of block colors = 4 
 maximum block size     = 256 
 average thread colors  = 3.00 
 shared memory required =  23.44 KB, 26.19 KB, 26.19 KB, 26.19 KB
 average data reuse     = 1.98 
 data transfer (used)   = 837.47 MB 
 data transfer (total)  = 859.67 MB 
 SoA/AoS transfer ratio = 1.06 

 new execution plan #2 for kernel bres_calc
 number of blocks       = 22 
 number of block colors = 1 
 maximum block size     = 256 
 average thread colors  = 1.09 
 shared memory required =  22.06 KB
 average data reuse     = 1.18 
 data transfer (used)   = 0.80 MB 
 data transfer (total)  = 1.99 MB 
 SoA/AoS transfer ratio = 2.47 

 100  4.36778e-04 
 200  3.26659e-04 
 300  2.66219e-04 
 400  2.25900e-04 
 500  1.96707e-04 
 600  1.74514e-04 
 700  1.57058e-04 
 800  1.42967e-04 
 900  1.31349e-04 
 1000  1.21571e-04 

  count   plan time     MPI time(std)        time(std)           GB/s      GB/s   kernel name 
 -------------------------------------------------------------------------------------------
   1000;    0.0000;    0.0000(  0.0000);    8.4741(  0.0000);   32.6264;         ;   save_soln 
   2000;    0.0000;    0.0000(  0.0000);   39.5020(  0.0000);  12.8478;  12.9323;   adt_calc 
   2000;    0.0000;    0.0000(  0.0000);   75.2025(  0.0000);  23.3549;  23.9730;   res_calc 
   2000;    0.0000;    0.0000(  0.0000);    0.7531(  0.0000);   2.2313;   5.5503;   bres_calc 
   2000;    0.0000;    0.0000(  0.0000);   31.1848(  0.0000);   31.0292;         ;   update 
Total plan time:   2.2770
Max total runtime = 155.135526
--------------------
--------------------

 Initializing OP2
reading in grid 
initialising flow field 

  OP diagnostic output
  --------------------

       set       size
  -------------------
     nodes    2883601
     edges    5757200
    bedges       5600
     cells    2880000

       map        dim       from         to
  -----------------------------------------
     pedge          2      edges      nodes
    pecell          2      edges      cells
    pbedge          2     bedges      nodes
   pbecell          1     bedges      cells
     pcell          4      cells      nodes

       dat        dim        set
  ------------------------------
   p_bound          1     bedges
       p_x          2      nodes
       p_q          4      cells
    p_qold          4      cells
     p_adt          1      cells
     p_res          4      cells

 new execution plan #0 for kernel adt_calc
 number of blocks       = 7500 
 number of block colors = 1 
 maximum block size     = 384 
 average thread colors  = 1.00 
 shared memory required =  12.06 KB
 average data reuse     = 1.99 
 data transfer (used)   = 242.00 MB 
 data transfer (total)  = 243.60 MB 
 SoA/AoS transfer ratio = 1.01 

 new execution plan #1 for kernel res_calc
 number of blocks       = 22490 
 number of block colors = 4 
 maximum block size     = 256 
 average thread colors  = 3.00 
 shared memory required =  23.44 KB, 26.19 KB, 26.19 KB, 26.19 KB
 average data reuse     = 1.98 
 data transfer (used)   = 837.47 MB 
 data transfer (total)  = 859.67 MB 
 SoA/AoS transfer ratio = 1.06 

 new execution plan #2 for kernel bres_calc
 number of blocks       = 22 
 number of block colors = 1 
 maximum block size     = 256 
 average thread colors  = 1.09 
 shared memory required =  22.06 KB
 average data reuse     = 1.18 
 data transfer (used)   = 0.80 MB 
 data transfer (total)  = 1.99 MB 
 SoA/AoS transfer ratio = 2.47 

 100  4.36778e-04 
 200  3.26659e-04 
 300  2.66219e-04 
 400  2.25900e-04 
 500  1.96707e-04 
 600  1.74514e-04 
 700  1.57058e-04 
 800  1.42967e-04 
 900  1.31349e-04 
 1000  1.21571e-04 

  count   plan time     MPI time(std)        time(std)           GB/s      GB/s   kernel name 
 -------------------------------------------------------------------------------------------
   1000;    0.0000;    0.0000(  0.0000);    8.4544(  0.0000);   32.7027;         ;   save_soln 
   2000;    0.0000;    0.0000(  0.0000);   39.5878(  0.0000);  12.8199;  12.9043;   adt_calc 
   2000;    0.0000;    0.0000(  0.0000);   75.0229(  0.0000);  23.4108;  24.0304;   res_calc 
   2000;    0.0000;    0.0000(  0.0000);    0.7528(  0.0000);   2.2321;   5.5523;   bres_calc 
   2000;    0.0000;    0.0000(  0.0000);   31.1862(  0.0000);   31.0278;         ;   update 
Total plan time:   2.2760
Max total runtime = 155.020975
--------------------
--------------------

 Initializing OP2
reading in grid 
initialising flow field 

  OP diagnostic output
  --------------------

       set       size
  -------------------
     nodes    2883601
     edges    5757200
    bedges       5600
     cells    2880000

       map        dim       from         to
  -----------------------------------------
     pedge          2      edges      nodes
    pecell          2      edges      cells
    pbedge          2     bedges      nodes
   pbecell          1     bedges      cells
     pcell          4      cells      nodes

       dat        dim        set
  ------------------------------
   p_bound          1     bedges
       p_x          2      nodes
       p_q          4      cells
    p_qold          4      cells
     p_adt          1      cells
     p_res          4      cells

 new execution plan #0 for kernel adt_calc
 number of blocks       = 7500 
 number of block colors = 1 
 maximum block size     = 384 
 average thread colors  = 1.00 
 shared memory required =  12.06 KB
 average data reuse     = 1.99 
 data transfer (used)   = 242.00 MB 
 data transfer (total)  = 243.60 MB 
 SoA/AoS transfer ratio = 1.01 

 new execution plan #1 for kernel res_calc
 number of blocks       = 22490 
 number of block colors = 4 
 maximum block size     = 256 
 average thread colors  = 3.00 
 shared memory required =  23.44 KB, 26.19 KB, 26.19 KB, 26.19 KB
 average data reuse     = 1.98 
 data transfer (used)   = 837.47 MB 
 data transfer (total)  = 859.67 MB 
 SoA/AoS transfer ratio = 1.06 

 new execution plan #2 for kernel bres_calc
 number of blocks       = 22 
 number of block colors = 1 
 maximum block size     = 256 
 average thread colors  = 1.09 
 shared memory required =  22.06 KB
 average data reuse     = 1.18 
 data transfer (used)   = 0.80 MB 
 data transfer (total)  = 1.99 MB 
 SoA/AoS transfer ratio = 2.47 

 100  4.36778e-04 
 200  3.26659e-04 
 300  2.66219e-04 
 400  2.25900e-04 
 500  1.96707e-04 
 600  1.74514e-04 
 700  1.57058e-04 
 800  1.42967e-04 
 900  1.31349e-04 
 1000  1.21571e-04 

  count   plan time     MPI time(std)        time(std)           GB/s      GB/s   kernel name 
 -------------------------------------------------------------------------------------------
   1000;    0.0000;    0.0000(  0.0000);    8.4366(  0.0000);   32.7715;         ;   save_soln 
   2000;    0.0000;    0.0000(  0.0000);   39.3866(  0.0000);  12.8854;  12.9702;   adt_calc 
   2000;    0.0000;    0.0000(  0.0000);   74.8645(  0.0000);  23.4603;  24.0812;   res_calc 
   2000;    0.0000;    0.0000(  0.0000);    0.7229(  0.0000);   2.3247;   5.7825;   bres_calc 
   2000;    0.0000;    0.0000(  0.0000);   31.1472(  0.0000);   31.0667;         ;   update 
Total plan time:   2.3045
Max total runtime = 154.574378
--------------------
Now running Aero OP2
--------------------
reading in grid 
initialising flow field 

 Initializing OP2

  OP diagnostic output
  --------------------

       set       size
  -------------------
     nodes     180700
    bedges       1200
     cells     180000

       map        dim       from         to
  -----------------------------------------
    pbedge          1     bedges      nodes
     pcell          4      cells      nodes

       dat        dim        set
  ------------------------------
       p_x          2      nodes
    p_phim          1      nodes
    p_resm          1      nodes
       p_K         16      cells
       p_V          1      nodes
       p_P          1      nodes
       p_U          1      nodes

 new execution plan #0 for kernel res_calc
 number of blocks       = 704 
 number of block colors = 4 
 maximum block size     = 256 
 average thread colors  = 2.00 
 shared memory required =  16.19 KB, 16.19 KB, 16.19 KB, 16.19 KB
 average data reuse     = 1.98 
 data transfer (used)   = 44.04 MB 
 data transfer (total)  = 44.67 MB 
 SoA/AoS transfer ratio = 1.00 

 new execution plan #1 for kernel dirichlet
 number of blocks       = 1 
 number of block colors = 1 
 maximum block size     = 3072 
 average thread colors  = 1.00 
 shared memory required =  9.38 KB
 average data reuse     = 1.00 
 data transfer (used)   = 0.02 MB 
 data transfer (total)  = 0.05 MB 
 SoA/AoS transfer ratio = 1.00 

 new execution plan #2 for kernel spMV
 number of blocks       = 469 
 number of block colors = 3 
 maximum block size     = 384 
 average thread colors  = 2.00 
 shared memory required =  12.12 KB, 12.12 KB, 12.12 KB
 average data reuse     = 1.98 
 data transfer (used)   = 35.75 MB 
 data transfer (total)  = 36.07 MB 
 SoA/AoS transfer ratio = 1.00 

rms = 6.00030e-04 iter: 136
rms = 1.67006e-04 iter: 200
rms = 9.74433e-05 iter: 200
rms = 1.49387e-05 iter: 200
rms = 8.86210e-06 iter: 200
rms = 1.37296e-06 iter: 200
rms = 8.18258e-07 iter: 200
rms = 1.27369e-07 iter: 200
rms = 7.61539e-08 iter: 200
rms = 1.18877e-08 iter: 200
rms = 7.12733e-09 iter: 200
rms = 1.11479e-09 iter: 200
rms = 6.70061e-10 iter: 200
rms = 1.04953e-10 iter: 200
rms = 6.32227e-11 iter: 200
rms = 9.91308e-12 iter: 200
rms = 5.98275e-12 iter: 200
rms = 9.38810e-13 iter: 200
rms = 5.67450e-13 iter: 200
rms = 8.90975e-14 iter: 200

  count   plan time     MPI time(std)        time(std)           GB/s      GB/s   kernel name 
 -------------------------------------------------------------------------------------------
     20;    0.0000;    0.0000(  0.0000);    3.4970(  0.0000);   0.2641;   0.2679;   res_calc 
   3956;    0.0000;    0.0000(  0.0000);    0.0795(  0.0000);   0.8363;   2.6269;   dirichlet 
     20;    0.0000;    0.0000(  0.0000);    0.0090(  0.0000);   22.4329;         ;   init_cg 
   3936;    0.0000;    0.0000(  0.0000);    4.2568(  0.0000);  34.6618;  34.9700;   spMV 
   3936;    0.0000;    0.0000(  0.0000);    0.1941(  0.0000);   58.6402;         ;   dotPV 
   3936;    0.0000;    0.0000(  0.0000);    0.4381(  0.0000);   90.9290;         ;   updateUR 
   3936;    0.0000;    0.0000(  0.0000);    0.1476(  0.0000);   38.5416;         ;   dotR 
   3936;    0.0000;    0.0000(  0.0000);    0.1904(  0.0000);   89.6446;         ;   updateP 
     20;    0.0000;    0.0000(  0.0000);    0.0017(  0.0000);   83.4015;         ;   update 
Total plan time:   0.1449
Max total runtime = 8.835002
--------------------
--------------------
reading in grid 
initialising flow field 

 Initializing OP2

  OP diagnostic output
  --------------------

       set       size
  -------------------
     nodes     180700
    bedges       1200
     cells     180000

       map        dim       from         to
  -----------------------------------------
    pbedge          1     bedges      nodes
     pcell          4      cells      nodes

       dat        dim        set
  ------------------------------
       p_x          2      nodes
    p_phim          1      nodes
    p_resm          1      nodes
       p_K         16      cells
       p_V          1      nodes
       p_P          1      nodes
       p_U          1      nodes

 new execution plan #0 for kernel res_calc
 number of blocks       = 704 
 number of block colors = 4 
 maximum block size     = 256 
 average thread colors  = 2.00 
 shared memory required =  16.19 KB, 16.19 KB, 16.19 KB, 16.19 KB
 average data reuse     = 1.98 
 data transfer (used)   = 44.04 MB 
 data transfer (total)  = 44.67 MB 
 SoA/AoS transfer ratio = 1.00 

 new execution plan #1 for kernel dirichlet
 number of blocks       = 1 
 number of block colors = 1 
 maximum block size     = 3072 
 average thread colors  = 1.00 
 shared memory required =  9.38 KB
 average data reuse     = 1.00 
 data transfer (used)   = 0.02 MB 
 data transfer (total)  = 0.05 MB 
 SoA/AoS transfer ratio = 1.00 

 new execution plan #2 for kernel spMV
 number of blocks       = 469 
 number of block colors = 3 
 maximum block size     = 384 
 average thread colors  = 2.00 
 shared memory required =  12.12 KB, 12.12 KB, 12.12 KB
 average data reuse     = 1.98 
 data transfer (used)   = 35.75 MB 
 data transfer (total)  = 36.07 MB 
 SoA/AoS transfer ratio = 1.00 

rms = 6.00030e-04 iter: 136
rms = 1.67006e-04 iter: 200
rms = 9.74433e-05 iter: 200
rms = 1.49387e-05 iter: 200
rms = 8.86210e-06 iter: 200
rms = 1.37296e-06 iter: 200
rms = 8.18258e-07 iter: 200
rms = 1.27369e-07 iter: 200
rms = 7.61539e-08 iter: 200
rms = 1.18877e-08 iter: 200
rms = 7.12733e-09 iter: 200
rms = 1.11479e-09 iter: 200
rms = 6.70061e-10 iter: 200
rms = 1.04953e-10 iter: 200
rms = 6.32227e-11 iter: 200
rms = 9.91308e-12 iter: 200
rms = 5.98275e-12 iter: 200
rms = 9.38810e-13 iter: 200
rms = 5.67450e-13 iter: 200
rms = 8.90975e-14 iter: 200

  count   plan time     MPI time(std)        time(std)           GB/s      GB/s   kernel name 
 -------------------------------------------------------------------------------------------
     20;    0.0000;    0.0000(  0.0000);    3.4368(  0.0000);   0.2688;   0.2726;   res_calc 
   3956;    0.0000;    0.0000(  0.0000);    0.0692(  0.0000);   0.9599;   3.0151;   dirichlet 
     20;    0.0000;    0.0000(  0.0000);    0.0067(  0.0000);   30.0705;         ;   init_cg 
   3936;    0.0000;    0.0000(  0.0000);    4.2798(  0.0000);  34.4754;  34.7820;   spMV 
   3936;    0.0000;    0.0000(  0.0000);    0.1820(  0.0000);   62.5209;         ;   dotPV 
   3936;    0.0000;    0.0000(  0.0000);    0.4513(  0.0000);   88.2690;         ;   updateUR 
   3936;    0.0000;    0.0000(  0.0000);    0.1445(  0.0000);   39.3822;         ;   dotR 
   3936;    0.0000;    0.0000(  0.0000);    0.1868(  0.0000);   91.3885;         ;   updateP 
     20;    0.0000;    0.0000(  0.0000);    0.0017(  0.0000);   83.2526;         ;   update 
Total plan time:   0.1419
Max total runtime = 8.780190
--------------------
--------------------
reading in grid 
initialising flow field 

 Initializing OP2

  OP diagnostic output
  --------------------

       set       size
  -------------------
     nodes     180700
    bedges       1200
     cells     180000

       map        dim       from         to
  -----------------------------------------
    pbedge          1     bedges      nodes
     pcell          4      cells      nodes

       dat        dim        set
  ------------------------------
       p_x          2      nodes
    p_phim          1      nodes
    p_resm          1      nodes
       p_K         16      cells
       p_V          1      nodes
       p_P          1      nodes
       p_U          1      nodes

 new execution plan #0 for kernel res_calc
 number of blocks       = 704 
 number of block colors = 4 
 maximum block size     = 256 
 average thread colors  = 2.00 
 shared memory required =  16.19 KB, 16.19 KB, 16.19 KB, 16.19 KB
 average data reuse     = 1.98 
 data transfer (used)   = 44.04 MB 
 data transfer (total)  = 44.67 MB 
 SoA/AoS transfer ratio = 1.00 

 new execution plan #1 for kernel dirichlet
 number of blocks       = 1 
 number of block colors = 1 
 maximum block size     = 3072 
 average thread colors  = 1.00 
 shared memory required =  9.38 KB
 average data reuse     = 1.00 
 data transfer (used)   = 0.02 MB 
 data transfer (total)  = 0.05 MB 
 SoA/AoS transfer ratio = 1.00 

 new execution plan #2 for kernel spMV
 number of blocks       = 469 
 number of block colors = 3 
 maximum block size     = 384 
 average thread colors  = 2.00 
 shared memory required =  12.12 KB, 12.12 KB, 12.12 KB
 average data reuse     = 1.98 
 data transfer (used)   = 35.75 MB 
 data transfer (total)  = 36.07 MB 
 SoA/AoS transfer ratio = 1.00 

rms = 6.00030e-04 iter: 136
rms = 1.67006e-04 iter: 200
rms = 9.74433e-05 iter: 200
rms = 1.49387e-05 iter: 200
rms = 8.86210e-06 iter: 200
rms = 1.37296e-06 iter: 200
rms = 8.18258e-07 iter: 200
rms = 1.27369e-07 iter: 200
rms = 7.61539e-08 iter: 200
rms = 1.18877e-08 iter: 200
rms = 7.12733e-09 iter: 200
rms = 1.11479e-09 iter: 200
rms = 6.70061e-10 iter: 200
rms = 1.04953e-10 iter: 200
rms = 6.32227e-11 iter: 200
rms = 9.91308e-12 iter: 200
rms = 5.98275e-12 iter: 200
rms = 9.38810e-13 iter: 200
rms = 5.67450e-13 iter: 200
rms = 8.90975e-14 iter: 200

  count   plan time     MPI time(std)        time(std)           GB/s      GB/s   kernel name 
 -------------------------------------------------------------------------------------------
     20;    0.0000;    0.0000(  0.0000);    3.4850(  0.0000);   0.2650;   0.2688;   res_calc 
   3956;    0.0000;    0.0000(  0.0000);    0.0869(  0.0000);   0.7645;   2.4012;   dirichlet 
     20;    0.0000;    0.0000(  0.0000);    0.0058(  0.0000);   34.6530;         ;   init_cg 
   3936;    0.0000;    0.0000(  0.0000);    4.2881(  0.0000);  34.4088;  34.7147;   spMV 
   3936;    0.0000;    0.0000(  0.0000);    0.1880(  0.0000);   60.5312;         ;   dotPV 
   3936;    0.0000;    0.0000(  0.0000);    0.4483(  0.0000);   88.8519;         ;   updateUR 
   3936;    0.0000;    0.0000(  0.0000);    0.1474(  0.0000);   38.6118;         ;   dotR 
   3936;    0.0000;    0.0000(  0.0000);    0.1903(  0.0000);   89.7102;         ;   updateP 
     20;    0.0000;    0.0000(  0.0000);    0.0017(  0.0000);   86.0773;         ;   update 
Total plan time:   0.1448
Max total runtime = 8.864691
--------------------
--------------------
reading in grid 
initialising flow field 

 Initializing OP2

  OP diagnostic output
  --------------------

       set       size
  -------------------
     nodes     180700
    bedges       1200
     cells     180000

       map        dim       from         to
  -----------------------------------------
    pbedge          1     bedges      nodes
     pcell          4      cells      nodes

       dat        dim        set
  ------------------------------
       p_x          2      nodes
    p_phim          1      nodes
    p_resm          1      nodes
       p_K         16      cells
       p_V          1      nodes
       p_P          1      nodes
       p_U          1      nodes

 new execution plan #0 for kernel res_calc
 number of blocks       = 704 
 number of block colors = 4 
 maximum block size     = 256 
 average thread colors  = 2.00 
 shared memory required =  16.19 KB, 16.19 KB, 16.19 KB, 16.19 KB
 average data reuse     = 1.98 
 data transfer (used)   = 44.04 MB 
 data transfer (total)  = 44.67 MB 
 SoA/AoS transfer ratio = 1.00 

 new execution plan #1 for kernel dirichlet
 number of blocks       = 1 
 number of block colors = 1 
 maximum block size     = 3072 
 average thread colors  = 1.00 
 shared memory required =  9.38 KB
 average data reuse     = 1.00 
 data transfer (used)   = 0.02 MB 
 data transfer (total)  = 0.05 MB 
 SoA/AoS transfer ratio = 1.00 

 new execution plan #2 for kernel spMV
 number of blocks       = 469 
 number of block colors = 3 
 maximum block size     = 384 
 average thread colors  = 2.00 
 shared memory required =  12.12 KB, 12.12 KB, 12.12 KB
 average data reuse     = 1.98 
 data transfer (used)   = 35.75 MB 
 data transfer (total)  = 36.07 MB 
 SoA/AoS transfer ratio = 1.00 

rms = 6.00030e-04 iter: 136
rms = 1.67006e-04 iter: 200
rms = 9.74433e-05 iter: 200
rms = 1.49387e-05 iter: 200
rms = 8.86210e-06 iter: 200
rms = 1.37296e-06 iter: 200
rms = 8.18258e-07 iter: 200
rms = 1.27369e-07 iter: 200
rms = 7.61539e-08 iter: 200
rms = 1.18877e-08 iter: 200
rms = 7.12733e-09 iter: 200
rms = 1.11479e-09 iter: 200
rms = 6.70061e-10 iter: 200
rms = 1.04953e-10 iter: 200
rms = 6.32227e-11 iter: 200
rms = 9.91308e-12 iter: 200
rms = 5.98275e-12 iter: 200
rms = 9.38810e-13 iter: 200
rms = 5.67450e-13 iter: 200
rms = 8.90975e-14 iter: 200

  count   plan time     MPI time(std)        time(std)           GB/s      GB/s   kernel name 
 -------------------------------------------------------------------------------------------
     20;    0.0000;    0.0000(  0.0000);    3.5062(  0.0000);   0.2634;   0.2672;   res_calc 
   3956;    0.0000;    0.0000(  0.0000);    0.1106(  0.0000);   0.6010;   1.8878;   dirichlet 
     20;    0.0000;    0.0000(  0.0000);    0.0106(  0.0000);   19.1279;         ;   init_cg 
   3936;    0.0000;    0.0000(  0.0000);    4.2920(  0.0000);  34.3777;  34.6834;   spMV 
   3936;    0.0000;    0.0000(  0.0000);    0.2030(  0.0000);   56.0562;         ;   dotPV 
   3936;    0.0000;    0.0000(  0.0000);    0.4514(  0.0000);   88.2479;         ;   updateUR 
   3936;    0.0000;    0.0000(  0.0000);    0.1628(  0.0000);   34.9504;         ;   dotR 
   3936;    0.0000;    0.0000(  0.0000);    0.1979(  0.0000);   86.2407;         ;   updateP 
     20;    0.0000;    0.0000(  0.0000);    0.0017(  0.0000);   86.7920;         ;   update 
Total plan time:   0.1451
Max total runtime = 8.957639
--------------------
--------------------
reading in grid 
initialising flow field 

 Initializing OP2

  OP diagnostic output
  --------------------

       set       size
  -------------------
     nodes     180700
    bedges       1200
     cells     180000

       map        dim       from         to
  -----------------------------------------
    pbedge          1     bedges      nodes
     pcell          4      cells      nodes

       dat        dim        set
  ------------------------------
       p_x          2      nodes
    p_phim          1      nodes
    p_resm          1      nodes
       p_K         16      cells
       p_V          1      nodes
       p_P          1      nodes
       p_U          1      nodes

 new execution plan #0 for kernel res_calc
 number of blocks       = 704 
 number of block colors = 4 
 maximum block size     = 256 
 average thread colors  = 2.00 
 shared memory required =  16.19 KB, 16.19 KB, 16.19 KB, 16.19 KB
 average data reuse     = 1.98 
 data transfer (used)   = 44.04 MB 
 data transfer (total)  = 44.67 MB 
 SoA/AoS transfer ratio = 1.00 

 new execution plan #1 for kernel dirichlet
 number of blocks       = 1 
 number of block colors = 1 
 maximum block size     = 3072 
 average thread colors  = 1.00 
 shared memory required =  9.38 KB
 average data reuse     = 1.00 
 data transfer (used)   = 0.02 MB 
 data transfer (total)  = 0.05 MB 
 SoA/AoS transfer ratio = 1.00 

 new execution plan #2 for kernel spMV
 number of blocks       = 469 
 number of block colors = 3 
 maximum block size     = 384 
 average thread colors  = 2.00 
 shared memory required =  12.12 KB, 12.12 KB, 12.12 KB
 average data reuse     = 1.98 
 data transfer (used)   = 35.75 MB 
 data transfer (total)  = 36.07 MB 
 SoA/AoS transfer ratio = 1.00 

rms = 6.00030e-04 iter: 136
rms = 1.67006e-04 iter: 200
rms = 9.74433e-05 iter: 200
rms = 1.49387e-05 iter: 200
rms = 8.86210e-06 iter: 200
rms = 1.37296e-06 iter: 200
rms = 8.18258e-07 iter: 200
rms = 1.27369e-07 iter: 200
rms = 7.61539e-08 iter: 200
rms = 1.18877e-08 iter: 200
rms = 7.12733e-09 iter: 200
rms = 1.11479e-09 iter: 200
rms = 6.70061e-10 iter: 200
rms = 1.04953e-10 iter: 200
rms = 6.32227e-11 iter: 200
rms = 9.91308e-12 iter: 200
rms = 5.98275e-12 iter: 200
rms = 9.38810e-13 iter: 200
rms = 5.67450e-13 iter: 200
rms = 8.90975e-14 iter: 200

  count   plan time     MPI time(std)        time(std)           GB/s      GB/s   kernel name 
 -------------------------------------------------------------------------------------------
     20;    0.0000;    0.0000(  0.0000);    3.5269(  0.0000);   0.2619;   0.2656;   res_calc 
   3956;    0.0000;    0.0000(  0.0000);    0.1050(  0.0000);   0.6327;   1.9872;   dirichlet 
     20;    0.0000;    0.0000(  0.0000);    0.0129(  0.0000);   15.7380;         ;   init_cg 
   3936;    0.0000;    0.0000(  0.0000);    4.2911(  0.0000);  34.3847;  34.6904;   spMV 
   3936;    0.0000;    0.0000(  0.0000);    0.1892(  0.0000);   60.1620;         ;   dotPV 
   3936;    0.0000;    0.0000(  0.0000);    0.4440(  0.0000);   89.7080;         ;   updateUR 
   3936;    0.0000;    0.0000(  0.0000);    0.1412(  0.0000);   40.2897;         ;   dotR 
   3936;    0.0000;    0.0000(  0.0000);    0.1813(  0.0000);   94.1257;         ;   updateP 
     20;    0.0000;    0.0000(  0.0000);    0.0017(  0.0000);   86.7299;         ;   update 
Total plan time:   0.1453
Max total runtime = 8.915797
--------------------
--------------------
reading in grid 
initialising flow field 

 Initializing OP2

  OP diagnostic output
  --------------------

       set       size
  -------------------
     nodes     180700
    bedges       1200
     cells     180000

       map        dim       from         to
  -----------------------------------------
    pbedge          1     bedges      nodes
     pcell          4      cells      nodes

       dat        dim        set
  ------------------------------
       p_x          2      nodes
    p_phim          1      nodes
    p_resm          1      nodes
       p_K         16      cells
       p_V          1      nodes
       p_P          1      nodes
       p_U          1      nodes

 new execution plan #0 for kernel res_calc
 number of blocks       = 704 
 number of block colors = 4 
 maximum block size     = 256 
 average thread colors  = 2.00 
 shared memory required =  16.19 KB, 16.19 KB, 16.19 KB, 16.19 KB
 average data reuse     = 1.98 
 data transfer (used)   = 44.04 MB 
 data transfer (total)  = 44.67 MB 
 SoA/AoS transfer ratio = 1.00 

 new execution plan #1 for kernel dirichlet
 number of blocks       = 1 
 number of block colors = 1 
 maximum block size     = 3072 
 average thread colors  = 1.00 
 shared memory required =  9.38 KB
 average data reuse     = 1.00 
 data transfer (used)   = 0.02 MB 
 data transfer (total)  = 0.05 MB 
 SoA/AoS transfer ratio = 1.00 

 new execution plan #2 for kernel spMV
 number of blocks       = 469 
 number of block colors = 3 
 maximum block size     = 384 
 average thread colors  = 2.00 
 shared memory required =  12.12 KB, 12.12 KB, 12.12 KB
 average data reuse     = 1.98 
 data transfer (used)   = 35.75 MB 
 data transfer (total)  = 36.07 MB 
 SoA/AoS transfer ratio = 1.00 

rms = 6.00030e-04 iter: 136
rms = 1.67006e-04 iter: 200
rms = 9.74433e-05 iter: 200
rms = 1.49387e-05 iter: 200
rms = 8.86210e-06 iter: 200
rms = 1.37296e-06 iter: 200
rms = 8.18258e-07 iter: 200
rms = 1.27369e-07 iter: 200
rms = 7.61539e-08 iter: 200
rms = 1.18877e-08 iter: 200
rms = 7.12733e-09 iter: 200
rms = 1.11479e-09 iter: 200
rms = 6.70061e-10 iter: 200
rms = 1.04953e-10 iter: 200
rms = 6.32227e-11 iter: 200
rms = 9.91308e-12 iter: 200
rms = 5.98275e-12 iter: 200
rms = 9.38810e-13 iter: 200
rms = 5.67450e-13 iter: 200
rms = 8.90975e-14 iter: 200

  count   plan time     MPI time(std)        time(std)           GB/s      GB/s   kernel name 
 -------------------------------------------------------------------------------------------
     20;    0.0000;    0.0000(  0.0000);    3.4541(  0.0000);   0.2674;   0.2712;   res_calc 
   3956;    0.0000;    0.0000(  0.0000);    0.0876(  0.0000);   0.7585;   2.3824;   dirichlet 
     20;    0.0000;    0.0000(  0.0000);    0.0056(  0.0000);   36.4427;         ;   init_cg 
   3936;    0.0000;    0.0000(  0.0000);    4.2888(  0.0000);  34.4032;  34.7091;   spMV 
   3936;    0.0000;    0.0000(  0.0000);    0.1973(  0.0000);   57.6744;         ;   dotPV 
   3936;    0.0000;    0.0000(  0.0000);    0.4493(  0.0000);   88.6648;         ;   updateUR 
   3936;    0.0000;    0.0000(  0.0000);    0.1741(  0.0000);   32.6774;         ;   dotR 
   3936;    0.0000;    0.0000(  0.0000);    0.2121(  0.0000);   80.4958;         ;   updateP 
     20;    0.0000;    0.0000(  0.0000);    0.0056(  0.0000);   25.6930;         ;   update 
Total plan time:   0.1485
Max total runtime = 8.896281
--------------------
--------------------
reading in grid 
initialising flow field 

 Initializing OP2

  OP diagnostic output
  --------------------

       set       size
  -------------------
     nodes     180700
    bedges       1200
     cells     180000

       map        dim       from         to
  -----------------------------------------
    pbedge          1     bedges      nodes
     pcell          4      cells      nodes

       dat        dim        set
  ------------------------------
       p_x          2      nodes
    p_phim          1      nodes
    p_resm          1      nodes
       p_K         16      cells
       p_V          1      nodes
       p_P          1      nodes
       p_U          1      nodes

 new execution plan #0 for kernel res_calc
 number of blocks       = 704 
 number of block colors = 4 
 maximum block size     = 256 
 average thread colors  = 2.00 
 shared memory required =  16.19 KB, 16.19 KB, 16.19 KB, 16.19 KB
 average data reuse     = 1.98 
 data transfer (used)   = 44.04 MB 
 data transfer (total)  = 44.67 MB 
 SoA/AoS transfer ratio = 1.00 

 new execution plan #1 for kernel dirichlet
 number of blocks       = 1 
 number of block colors = 1 
 maximum block size     = 3072 
 average thread colors  = 1.00 
 shared memory required =  9.38 KB
 average data reuse     = 1.00 
 data transfer (used)   = 0.02 MB 
 data transfer (total)  = 0.05 MB 
 SoA/AoS transfer ratio = 1.00 

 new execution plan #2 for kernel spMV
 number of blocks       = 469 
 number of block colors = 3 
 maximum block size     = 384 
 average thread colors  = 2.00 
 shared memory required =  12.12 KB, 12.12 KB, 12.12 KB
 average data reuse     = 1.98 
 data transfer (used)   = 35.75 MB 
 data transfer (total)  = 36.07 MB 
 SoA/AoS transfer ratio = 1.00 

rms = 6.00030e-04 iter: 136
rms = 1.67006e-04 iter: 200
rms = 9.74433e-05 iter: 200
rms = 1.49387e-05 iter: 200
rms = 8.86210e-06 iter: 200
rms = 1.37296e-06 iter: 200
rms = 8.18258e-07 iter: 200
rms = 1.27369e-07 iter: 200
rms = 7.61539e-08 iter: 200
rms = 1.18877e-08 iter: 200
rms = 7.12733e-09 iter: 200
rms = 1.11479e-09 iter: 200
rms = 6.70061e-10 iter: 200
rms = 1.04953e-10 iter: 200
rms = 6.32227e-11 iter: 200
rms = 9.91308e-12 iter: 200
rms = 5.98275e-12 iter: 200
rms = 9.38810e-13 iter: 200
rms = 5.67450e-13 iter: 200
rms = 8.90975e-14 iter: 200

  count   plan time     MPI time(std)        time(std)           GB/s      GB/s   kernel name 
 -------------------------------------------------------------------------------------------
     20;    0.0000;    0.0000(  0.0000);    3.5377(  0.0000);   0.2611;   0.2648;   res_calc 
   3956;    0.0000;    0.0000(  0.0000);    0.1019(  0.0000);   0.6521;   2.0481;   dirichlet 
     20;    0.0000;    0.0000(  0.0000);    0.0088(  0.0000);   23.0331;         ;   init_cg 
   3936;    0.0000;    0.0000(  0.0000);    4.2844(  0.0000);  34.4387;  34.7449;   spMV 
   3936;    0.0000;    0.0000(  0.0000);    0.2065(  0.0000);   55.1075;         ;   dotPV 
   3936;    0.0000;    0.0000(  0.0000);    0.4519(  0.0000);   88.1472;         ;   updateUR 
   3936;    0.0000;    0.0000(  0.0000);    0.1508(  0.0000);   37.7180;         ;   dotR 
   3936;    0.0000;    0.0000(  0.0000);    0.1906(  0.0000);   89.5708;         ;   updateP 
     20;    0.0000;    0.0000(  0.0000);    0.0017(  0.0000);   84.3060;         ;   update 
Total plan time:   0.1448
Max total runtime = 8.955969
--------------------
--------------------
reading in grid 
initialising flow field 

 Initializing OP2

  OP diagnostic output
  --------------------

       set       size
  -------------------
     nodes     180700
    bedges       1200
     cells     180000

       map        dim       from         to
  -----------------------------------------
    pbedge          1     bedges      nodes
     pcell          4      cells      nodes

       dat        dim        set
  ------------------------------
       p_x          2      nodes
    p_phim          1      nodes
    p_resm          1      nodes
       p_K         16      cells
       p_V          1      nodes
       p_P          1      nodes
       p_U          1      nodes

 new execution plan #0 for kernel res_calc
 number of blocks       = 704 
 number of block colors = 4 
 maximum block size     = 256 
 average thread colors  = 2.00 
 shared memory required =  16.19 KB, 16.19 KB, 16.19 KB, 16.19 KB
 average data reuse     = 1.98 
 data transfer (used)   = 44.04 MB 
 data transfer (total)  = 44.67 MB 
 SoA/AoS transfer ratio = 1.00 

 new execution plan #1 for kernel dirichlet
 number of blocks       = 1 
 number of block colors = 1 
 maximum block size     = 3072 
 average thread colors  = 1.00 
 shared memory required =  9.38 KB
 average data reuse     = 1.00 
 data transfer (used)   = 0.02 MB 
 data transfer (total)  = 0.05 MB 
 SoA/AoS transfer ratio = 1.00 

 new execution plan #2 for kernel spMV
 number of blocks       = 469 
 number of block colors = 3 
 maximum block size     = 384 
 average thread colors  = 2.00 
 shared memory required =  12.12 KB, 12.12 KB, 12.12 KB
 average data reuse     = 1.98 
 data transfer (used)   = 35.75 MB 
 data transfer (total)  = 36.07 MB 
 SoA/AoS transfer ratio = 1.00 

rms = 6.00030e-04 iter: 136
rms = 1.67006e-04 iter: 200
rms = 9.74433e-05 iter: 200
rms = 1.49387e-05 iter: 200
rms = 8.86210e-06 iter: 200
rms = 1.37296e-06 iter: 200
rms = 8.18258e-07 iter: 200
rms = 1.27369e-07 iter: 200
rms = 7.61539e-08 iter: 200
rms = 1.18877e-08 iter: 200
rms = 7.12733e-09 iter: 200
rms = 1.11479e-09 iter: 200
rms = 6.70061e-10 iter: 200
rms = 1.04953e-10 iter: 200
rms = 6.32227e-11 iter: 200
rms = 9.91308e-12 iter: 200
rms = 5.98275e-12 iter: 200
rms = 9.38810e-13 iter: 200
rms = 5.67450e-13 iter: 200
rms = 8.90975e-14 iter: 200

  count   plan time     MPI time(std)        time(std)           GB/s      GB/s   kernel name 
 -------------------------------------------------------------------------------------------
     20;    0.0000;    0.0000(  0.0000);    3.4547(  0.0000);   0.2674;   0.2712;   res_calc 
   3956;    0.0000;    0.0000(  0.0000);    0.0881(  0.0000);   0.7545;   2.3699;   dirichlet 
     20;    0.0000;    0.0000(  0.0000);    0.0054(  0.0000);   37.6101;         ;   init_cg 
   3936;    0.0000;    0.0000(  0.0000);    4.3056(  0.0000);  34.2687;  34.5734;   spMV 
   3936;    0.0000;    0.0000(  0.0000);    0.2036(  0.0000);   55.8995;         ;   dotPV 
   3936;    0.0000;    0.0000(  0.0000);    0.4696(  0.0000);   84.8183;         ;   updateUR 
   3936;    0.0000;    0.0000(  0.0000);    0.1781(  0.0000);   31.9543;         ;   dotR 
   3936;    0.0000;    0.0000(  0.0000);    0.1957(  0.0000);   87.2366;         ;   updateP 
     20;    0.0000;    0.0000(  0.0000);    0.0031(  0.0000);   46.6371;         ;   update 
Total plan time:   0.1457
Max total runtime = 8.925542
--------------------
--------------------
reading in grid 
initialising flow field 

 Initializing OP2

  OP diagnostic output
  --------------------

       set       size
  -------------------
     nodes     180700
    bedges       1200
     cells     180000

       map        dim       from         to
  -----------------------------------------
    pbedge          1     bedges      nodes
     pcell          4      cells      nodes

       dat        dim        set
  ------------------------------
       p_x          2      nodes
    p_phim          1      nodes
    p_resm          1      nodes
       p_K         16      cells
       p_V          1      nodes
       p_P          1      nodes
       p_U          1      nodes

 new execution plan #0 for kernel res_calc
 number of blocks       = 704 
 number of block colors = 4 
 maximum block size     = 256 
 average thread colors  = 2.00 
 shared memory required =  16.19 KB, 16.19 KB, 16.19 KB, 16.19 KB
 average data reuse     = 1.98 
 data transfer (used)   = 44.04 MB 
 data transfer (total)  = 44.67 MB 
 SoA/AoS transfer ratio = 1.00 

 new execution plan #1 for kernel dirichlet
 number of blocks       = 1 
 number of block colors = 1 
 maximum block size     = 3072 
 average thread colors  = 1.00 
 shared memory required =  9.38 KB
 average data reuse     = 1.00 
 data transfer (used)   = 0.02 MB 
 data transfer (total)  = 0.05 MB 
 SoA/AoS transfer ratio = 1.00 

 new execution plan #2 for kernel spMV
 number of blocks       = 469 
 number of block colors = 3 
 maximum block size     = 384 
 average thread colors  = 2.00 
 shared memory required =  12.12 KB, 12.12 KB, 12.12 KB
 average data reuse     = 1.98 
 data transfer (used)   = 35.75 MB 
 data transfer (total)  = 36.07 MB 
 SoA/AoS transfer ratio = 1.00 

rms = 6.00030e-04 iter: 136
rms = 1.67006e-04 iter: 200
rms = 9.74433e-05 iter: 200
rms = 1.49387e-05 iter: 200
rms = 8.86210e-06 iter: 200
rms = 1.37296e-06 iter: 200
rms = 8.18258e-07 iter: 200
rms = 1.27369e-07 iter: 200
rms = 7.61539e-08 iter: 200
rms = 1.18877e-08 iter: 200
rms = 7.12733e-09 iter: 200
rms = 1.11479e-09 iter: 200
rms = 6.70061e-10 iter: 200
rms = 1.04953e-10 iter: 200
rms = 6.32227e-11 iter: 200
rms = 9.91308e-12 iter: 200
rms = 5.98275e-12 iter: 200
rms = 9.38810e-13 iter: 200
rms = 5.67450e-13 iter: 200
rms = 8.90975e-14 iter: 200

  count   plan time     MPI time(std)        time(std)           GB/s      GB/s   kernel name 
 -------------------------------------------------------------------------------------------
     20;    0.0000;    0.0000(  0.0000);    3.5179(  0.0000);   0.2626;   0.2663;   res_calc 
   3956;    0.0000;    0.0000(  0.0000);    0.0856(  0.0000);   0.7760;   2.4374;   dirichlet 
     20;    0.0000;    0.0000(  0.0000);    0.0089(  0.0000);   22.7735;         ;   init_cg 
   3936;    0.0000;    0.0000(  0.0000);    4.3193(  0.0000);  34.1601;  34.4638;   spMV 
   3936;    0.0000;    0.0000(  0.0000);    0.1882(  0.0000);   60.4815;         ;   dotPV 
   3936;    0.0000;    0.0000(  0.0000);    0.4558(  0.0000);   87.3871;         ;   updateUR 
   3936;    0.0000;    0.0000(  0.0000);    0.1546(  0.0000);   36.8133;         ;   dotR 
   3936;    0.0000;    0.0000(  0.0000);    0.1932(  0.0000);   88.3639;         ;   updateP 
     20;    0.0000;    0.0000(  0.0000);    0.0017(  0.0000);   86.6307;         ;   update 
Total plan time:   0.1449
Max total runtime = 8.948062
--------------------
--------------------
reading in grid 
initialising flow field 

 Initializing OP2

  OP diagnostic output
  --------------------

       set       size
  -------------------
     nodes     180700
    bedges       1200
     cells     180000

       map        dim       from         to
  -----------------------------------------
    pbedge          1     bedges      nodes
     pcell          4      cells      nodes

       dat        dim        set
  ------------------------------
       p_x          2      nodes
    p_phim          1      nodes
    p_resm          1      nodes
       p_K         16      cells
       p_V          1      nodes
       p_P          1      nodes
       p_U          1      nodes

 new execution plan #0 for kernel res_calc
 number of blocks       = 704 
 number of block colors = 4 
 maximum block size     = 256 
 average thread colors  = 2.00 
 shared memory required =  16.19 KB, 16.19 KB, 16.19 KB, 16.19 KB
 average data reuse     = 1.98 
 data transfer (used)   = 44.04 MB 
 data transfer (total)  = 44.67 MB 
 SoA/AoS transfer ratio = 1.00 

 new execution plan #1 for kernel dirichlet
 number of blocks       = 1 
 number of block colors = 1 
 maximum block size     = 3072 
 average thread colors  = 1.00 
 shared memory required =  9.38 KB
 average data reuse     = 1.00 
 data transfer (used)   = 0.02 MB 
 data transfer (total)  = 0.05 MB 
 SoA/AoS transfer ratio = 1.00 

 new execution plan #2 for kernel spMV
 number of blocks       = 469 
 number of block colors = 3 
 maximum block size     = 384 
 average thread colors  = 2.00 
 shared memory required =  12.12 KB, 12.12 KB, 12.12 KB
 average data reuse     = 1.98 
 data transfer (used)   = 35.75 MB 
 data transfer (total)  = 36.07 MB 
 SoA/AoS transfer ratio = 1.00 

rms = 6.00030e-04 iter: 136
rms = 1.67006e-04 iter: 200
rms = 9.74433e-05 iter: 200
rms = 1.49387e-05 iter: 200
rms = 8.86210e-06 iter: 200
rms = 1.37296e-06 iter: 200
rms = 8.18258e-07 iter: 200
rms = 1.27369e-07 iter: 200
rms = 7.61539e-08 iter: 200
rms = 1.18877e-08 iter: 200
rms = 7.12733e-09 iter: 200
rms = 1.11479e-09 iter: 200
rms = 6.70061e-10 iter: 200
rms = 1.04953e-10 iter: 200
rms = 6.32227e-11 iter: 200
rms = 9.91308e-12 iter: 200
rms = 5.98275e-12 iter: 200
rms = 9.38810e-13 iter: 200
rms = 5.67450e-13 iter: 200
rms = 8.90975e-14 iter: 200

  count   plan time     MPI time(std)        time(std)           GB/s      GB/s   kernel name 
 -------------------------------------------------------------------------------------------
     20;    0.0000;    0.0000(  0.0000);    3.4897(  0.0000);   0.2647;   0.2685;   res_calc 
   3956;    0.0000;    0.0000(  0.0000);    0.0886(  0.0000);   0.7504;   2.3569;   dirichlet 
     20;    0.0000;    0.0000(  0.0000);    0.0089(  0.0000);   22.7937;         ;   init_cg 
   3936;    0.0000;    0.0000(  0.0000);    4.3790(  0.0000);  33.6948;  33.9944;   spMV 
   3936;    0.0000;    0.0000(  0.0000);    0.2007(  0.0000);   56.6960;         ;   dotPV 
   3936;    0.0000;    0.0000(  0.0000);    0.4709(  0.0000);   84.5798;         ;   updateUR 
   3936;    0.0000;    0.0000(  0.0000);    0.1650(  0.0000);   34.4741;         ;   dotR 
   3936;    0.0000;    0.0000(  0.0000);    0.2071(  0.0000);   82.4208;         ;   updateP 
     20;    0.0000;    0.0000(  0.0000);    0.0017(  0.0000);   86.6431;         ;   update 
Total plan time:   0.1456
Max total runtime = 9.033595
--------------------
--------------------
reading in grid 
initialising flow field 

 Initializing OP2

  OP diagnostic output
  --------------------

       set       size
  -------------------
     nodes     180700
    bedges       1200
     cells     180000

       map        dim       from         to
  -----------------------------------------
    pbedge          1     bedges      nodes
     pcell          4      cells      nodes

       dat        dim        set
  ------------------------------
       p_x          2      nodes
    p_phim          1      nodes
    p_resm          1      nodes
       p_K         16      cells
       p_V          1      nodes
       p_P          1      nodes
       p_U          1      nodes

 new execution plan #0 for kernel res_calc
 number of blocks       = 704 
 number of block colors = 4 
 maximum block size     = 256 
 average thread colors  = 2.00 
 shared memory required =  16.19 KB, 16.19 KB, 16.19 KB, 16.19 KB
 average data reuse     = 1.98 
 data transfer (used)   = 44.04 MB 
 data transfer (total)  = 44.67 MB 
 SoA/AoS transfer ratio = 1.00 

 new execution plan #1 for kernel dirichlet
 number of blocks       = 1 
 number of block colors = 1 
 maximum block size     = 3072 
 average thread colors  = 1.00 
 shared memory required =  9.38 KB
 average data reuse     = 1.00 
 data transfer (used)   = 0.02 MB 
 data transfer (total)  = 0.05 MB 
 SoA/AoS transfer ratio = 1.00 

 new execution plan #2 for kernel spMV
 number of blocks       = 469 
 number of block colors = 3 
 maximum block size     = 384 
 average thread colors  = 2.00 
 shared memory required =  12.12 KB, 12.12 KB, 12.12 KB
 average data reuse     = 1.98 
 data transfer (used)   = 35.75 MB 
 data transfer (total)  = 36.07 MB 
 SoA/AoS transfer ratio = 1.00 

rms = 6.00030e-04 iter: 136
rms = 1.67006e-04 iter: 200
rms = 9.74433e-05 iter: 200
rms = 1.49387e-05 iter: 200
rms = 8.86210e-06 iter: 200
rms = 1.37296e-06 iter: 200
rms = 8.18258e-07 iter: 200
rms = 1.27369e-07 iter: 200
rms = 7.61539e-08 iter: 200
rms = 1.18877e-08 iter: 200
rms = 7.12733e-09 iter: 200
rms = 1.11479e-09 iter: 200
rms = 6.70061e-10 iter: 200
rms = 1.04953e-10 iter: 200
rms = 6.32227e-11 iter: 200
rms = 9.91308e-12 iter: 200
rms = 5.98275e-12 iter: 200
rms = 9.38810e-13 iter: 200
rms = 5.67450e-13 iter: 200
rms = 8.90975e-14 iter: 200

  count   plan time     MPI time(std)        time(std)           GB/s      GB/s   kernel name 
 -------------------------------------------------------------------------------------------
     20;    0.0000;    0.0000(  0.0000);    3.5204(  0.0000);   0.2624;   0.2661;   res_calc 
   3956;    0.0000;    0.0000(  0.0000);    0.1115(  0.0000);   0.5959;   1.8717;   dirichlet 
     20;    0.0000;    0.0000(  0.0000);    0.0059(  0.0000);   34.5135;         ;   init_cg 
   3936;    0.0000;    0.0000(  0.0000);    4.3493(  0.0000);  33.9246;  34.2262;   spMV 
   3936;    0.0000;    0.0000(  0.0000);    0.2160(  0.0000);   52.6788;         ;   dotPV 
   3936;    0.0000;    0.0000(  0.0000);    0.4746(  0.0000);   83.9234;         ;   updateUR 
   3936;    0.0000;    0.0000(  0.0000);    0.1659(  0.0000);   34.2892;         ;   dotR 
   3936;    0.0000;    0.0000(  0.0000);    0.2032(  0.0000);   83.9821;         ;   updateP 
     20;    0.0000;    0.0000(  0.0000);    0.0017(  0.0000);   85.0629;         ;   update 
Total plan time:   0.1446
Max total runtime = 9.070402
--------------------
--------------------
reading in grid 
initialising flow field 

 Initializing OP2

  OP diagnostic output
  --------------------

       set       size
  -------------------
     nodes     180700
    bedges       1200
     cells     180000

       map        dim       from         to
  -----------------------------------------
    pbedge          1     bedges      nodes
     pcell          4      cells      nodes

       dat        dim        set
  ------------------------------
       p_x          2      nodes
    p_phim          1      nodes
    p_resm          1      nodes
       p_K         16      cells
       p_V          1      nodes
       p_P          1      nodes
       p_U          1      nodes

 new execution plan #0 for kernel res_calc
 number of blocks       = 704 
 number of block colors = 4 
 maximum block size     = 256 
 average thread colors  = 2.00 
 shared memory required =  16.19 KB, 16.19 KB, 16.19 KB, 16.19 KB
 average data reuse     = 1.98 
 data transfer (used)   = 44.04 MB 
 data transfer (total)  = 44.67 MB 
 SoA/AoS transfer ratio = 1.00 

 new execution plan #1 for kernel dirichlet
 number of blocks       = 1 
 number of block colors = 1 
 maximum block size     = 3072 
 average thread colors  = 1.00 
 shared memory required =  9.38 KB
 average data reuse     = 1.00 
 data transfer (used)   = 0.02 MB 
 data transfer (total)  = 0.05 MB 
 SoA/AoS transfer ratio = 1.00 

 new execution plan #2 for kernel spMV
 number of blocks       = 469 
 number of block colors = 3 
 maximum block size     = 384 
 average thread colors  = 2.00 
 shared memory required =  12.12 KB, 12.12 KB, 12.12 KB
 average data reuse     = 1.98 
 data transfer (used)   = 35.75 MB 
 data transfer (total)  = 36.07 MB 
 SoA/AoS transfer ratio = 1.00 

rms = 6.00030e-04 iter: 136
rms = 1.67006e-04 iter: 200
rms = 9.74433e-05 iter: 200
rms = 1.49387e-05 iter: 200
rms = 8.86210e-06 iter: 200
rms = 1.37296e-06 iter: 200
rms = 8.18258e-07 iter: 200
rms = 1.27369e-07 iter: 200
rms = 7.61539e-08 iter: 200
rms = 1.18877e-08 iter: 200
rms = 7.12733e-09 iter: 200
rms = 1.11479e-09 iter: 200
rms = 6.70061e-10 iter: 200
rms = 1.04953e-10 iter: 200
rms = 6.32227e-11 iter: 200
rms = 9.91308e-12 iter: 200
rms = 5.98275e-12 iter: 200
rms = 9.38810e-13 iter: 200
rms = 5.67450e-13 iter: 200
rms = 8.90975e-14 iter: 200

  count   plan time     MPI time(std)        time(std)           GB/s      GB/s   kernel name 
 -------------------------------------------------------------------------------------------
     20;    0.0000;    0.0000(  0.0000);    3.4562(  0.0000);   0.2672;   0.2711;   res_calc 
   3956;    0.0000;    0.0000(  0.0000);    0.1118(  0.0000);   0.5947;   1.8678;   dirichlet 
     20;    0.0000;    0.0000(  0.0000);    0.0091(  0.0000);   22.1698;         ;   init_cg 
   3936;    0.0000;    0.0000(  0.0000);    4.3294(  0.0000);  34.0807;  34.3838;   spMV 
   3936;    0.0000;    0.0000(  0.0000);    0.2164(  0.0000);   52.5824;         ;   dotPV 
   3936;    0.0000;    0.0000(  0.0000);    0.4738(  0.0000);   84.0784;         ;   updateUR 
   3936;    0.0000;    0.0000(  0.0000);    0.1695(  0.0000);   33.5729;         ;   dotR 
   3936;    0.0000;    0.0000(  0.0000);    0.2037(  0.0000);   83.7808;         ;   updateP 
     20;    0.0000;    0.0000(  0.0000);    0.0017(  0.0000);   83.6661;         ;   update 
Total plan time:   0.1443
Max total runtime = 8.993659
--------------------
--------------------
reading in grid 
initialising flow field 

 Initializing OP2

  OP diagnostic output
  --------------------

       set       size
  -------------------
     nodes     180700
    bedges       1200
     cells     180000

       map        dim       from         to
  -----------------------------------------
    pbedge          1     bedges      nodes
     pcell          4      cells      nodes

       dat        dim        set
  ------------------------------
       p_x          2      nodes
    p_phim          1      nodes
    p_resm          1      nodes
       p_K         16      cells
       p_V          1      nodes
       p_P          1      nodes
       p_U          1      nodes

 new execution plan #0 for kernel res_calc
 number of blocks       = 704 
 number of block colors = 4 
 maximum block size     = 256 
 average thread colors  = 2.00 
 shared memory required =  16.19 KB, 16.19 KB, 16.19 KB, 16.19 KB
 average data reuse     = 1.98 
 data transfer (used)   = 44.04 MB 
 data transfer (total)  = 44.67 MB 
 SoA/AoS transfer ratio = 1.00 

 new execution plan #1 for kernel dirichlet
 number of blocks       = 1 
 number of block colors = 1 
 maximum block size     = 3072 
 average thread colors  = 1.00 
 shared memory required =  9.38 KB
 average data reuse     = 1.00 
 data transfer (used)   = 0.02 MB 
 data transfer (total)  = 0.05 MB 
 SoA/AoS transfer ratio = 1.00 

 new execution plan #2 for kernel spMV
 number of blocks       = 469 
 number of block colors = 3 
 maximum block size     = 384 
 average thread colors  = 2.00 
 shared memory required =  12.12 KB, 12.12 KB, 12.12 KB
 average data reuse     = 1.98 
 data transfer (used)   = 35.75 MB 
 data transfer (total)  = 36.07 MB 
 SoA/AoS transfer ratio = 1.00 

rms = 6.00030e-04 iter: 136
rms = 1.67006e-04 iter: 200
rms = 9.74433e-05 iter: 200
rms = 1.49387e-05 iter: 200
rms = 8.86210e-06 iter: 200
rms = 1.37296e-06 iter: 200
rms = 8.18258e-07 iter: 200
rms = 1.27369e-07 iter: 200
rms = 7.61539e-08 iter: 200
rms = 1.18877e-08 iter: 200
rms = 7.12733e-09 iter: 200
rms = 1.11479e-09 iter: 200
rms = 6.70061e-10 iter: 200
rms = 1.04953e-10 iter: 200
rms = 6.32227e-11 iter: 200
rms = 9.91308e-12 iter: 200
rms = 5.98275e-12 iter: 200
rms = 9.38810e-13 iter: 200
rms = 5.67450e-13 iter: 200
rms = 8.90975e-14 iter: 200

  count   plan time     MPI time(std)        time(std)           GB/s      GB/s   kernel name 
 -------------------------------------------------------------------------------------------
     20;    0.0000;    0.0000(  0.0000);    3.3716(  0.0000);   0.2740;   0.2779;   res_calc 
   3956;    0.0000;    0.0000(  0.0000);    0.1042(  0.0000);   0.6376;   2.0026;   dirichlet 
     20;    0.0000;    0.0000(  0.0000);    0.0096(  0.0000);   21.0546;         ;   init_cg 
   3936;    0.0000;    0.0000(  0.0000);    4.3914(  0.0000);  33.5998;  33.8986;   spMV 
   3936;    0.0000;    0.0000(  0.0000);    0.2054(  0.0000);   55.4091;         ;   dotPV 
   3936;    0.0000;    0.0000(  0.0000);    0.4467(  0.0000);   89.1719;         ;   updateUR 
   3936;    0.0000;    0.0000(  0.0000);    0.1569(  0.0000);   36.2707;         ;   dotR 
   3936;    0.0000;    0.0000(  0.0000);    0.2044(  0.0000);   83.5035;         ;   updateP 
     20;    0.0000;    0.0000(  0.0000);    0.0017(  0.0000);   85.5188;         ;   update 
Total plan time:   0.1450
Max total runtime = 8.914743
--------------------
--------------------
reading in grid 
initialising flow field 

 Initializing OP2

  OP diagnostic output
  --------------------

       set       size
  -------------------
     nodes     180700
    bedges       1200
     cells     180000

       map        dim       from         to
  -----------------------------------------
    pbedge          1     bedges      nodes
     pcell          4      cells      nodes

       dat        dim        set
  ------------------------------
       p_x          2      nodes
    p_phim          1      nodes
    p_resm          1      nodes
       p_K         16      cells
       p_V          1      nodes
       p_P          1      nodes
       p_U          1      nodes

 new execution plan #0 for kernel res_calc
 number of blocks       = 704 
 number of block colors = 4 
 maximum block size     = 256 
 average thread colors  = 2.00 
 shared memory required =  16.19 KB, 16.19 KB, 16.19 KB, 16.19 KB
 average data reuse     = 1.98 
 data transfer (used)   = 44.04 MB 
 data transfer (total)  = 44.67 MB 
 SoA/AoS transfer ratio = 1.00 

 new execution plan #1 for kernel dirichlet
 number of blocks       = 1 
 number of block colors = 1 
 maximum block size     = 3072 
 average thread colors  = 1.00 
 shared memory required =  9.38 KB
 average data reuse     = 1.00 
 data transfer (used)   = 0.02 MB 
 data transfer (total)  = 0.05 MB 
 SoA/AoS transfer ratio = 1.00 

 new execution plan #2 for kernel spMV
 number of blocks       = 469 
 number of block colors = 3 
 maximum block size     = 384 
 average thread colors  = 2.00 
 shared memory required =  12.12 KB, 12.12 KB, 12.12 KB
 average data reuse     = 1.98 
 data transfer (used)   = 35.75 MB 
 data transfer (total)  = 36.07 MB 
 SoA/AoS transfer ratio = 1.00 

rms = 6.00030e-04 iter: 136
rms = 1.67006e-04 iter: 200
rms = 9.74433e-05 iter: 200
rms = 1.49387e-05 iter: 200
rms = 8.86210e-06 iter: 200
rms = 1.37296e-06 iter: 200
rms = 8.18258e-07 iter: 200
rms = 1.27369e-07 iter: 200
rms = 7.61539e-08 iter: 200
rms = 1.18877e-08 iter: 200
rms = 7.12733e-09 iter: 200
rms = 1.11479e-09 iter: 200
rms = 6.70061e-10 iter: 200
rms = 1.04953e-10 iter: 200
rms = 6.32227e-11 iter: 200
rms = 9.91308e-12 iter: 200
rms = 5.98275e-12 iter: 200
rms = 9.38810e-13 iter: 200
rms = 5.67450e-13 iter: 200
rms = 8.90975e-14 iter: 200

  count   plan time     MPI time(std)        time(std)           GB/s      GB/s   kernel name 
 -------------------------------------------------------------------------------------------
     20;    0.0000;    0.0000(  0.0000);    3.5028(  0.0000);   0.2637;   0.2675;   res_calc 
   3956;    0.0000;    0.0000(  0.0000);    0.0960(  0.0000);   0.6921;   2.1739;   dirichlet 
     20;    0.0000;    0.0000(  0.0000);    0.0086(  0.0000);   23.5441;         ;   init_cg 
   3936;    0.0000;    0.0000(  0.0000);    4.3194(  0.0000);  34.1595;  34.4632;   spMV 
   3936;    0.0000;    0.0000(  0.0000);    0.1993(  0.0000);   57.0847;         ;   dotPV 
   3936;    0.0000;    0.0000(  0.0000);    0.4551(  0.0000);   87.5191;         ;   updateUR 
   3936;    0.0000;    0.0000(  0.0000);    0.1447(  0.0000);   39.3097;         ;   dotR 
   3936;    0.0000;    0.0000(  0.0000);    0.1968(  0.0000);   86.7413;         ;   updateP 
     20;    0.0000;    0.0000(  0.0000);    0.0017(  0.0000);   85.9187;         ;   update 
Total plan time:   0.1447
Max total runtime = 8.945903
--------------------
--------------------
reading in grid 
initialising flow field 

 Initializing OP2

  OP diagnostic output
  --------------------

       set       size
  -------------------
     nodes     180700
    bedges       1200
     cells     180000

       map        dim       from         to
  -----------------------------------------
    pbedge          1     bedges      nodes
     pcell          4      cells      nodes

       dat        dim        set
  ------------------------------
       p_x          2      nodes
    p_phim          1      nodes
    p_resm          1      nodes
       p_K         16      cells
       p_V          1      nodes
       p_P          1      nodes
       p_U          1      nodes

 new execution plan #0 for kernel res_calc
 number of blocks       = 704 
 number of block colors = 4 
 maximum block size     = 256 
 average thread colors  = 2.00 
 shared memory required =  16.19 KB, 16.19 KB, 16.19 KB, 16.19 KB
 average data reuse     = 1.98 
 data transfer (used)   = 44.04 MB 
 data transfer (total)  = 44.67 MB 
 SoA/AoS transfer ratio = 1.00 

 new execution plan #1 for kernel dirichlet
 number of blocks       = 1 
 number of block colors = 1 
 maximum block size     = 3072 
 average thread colors  = 1.00 
 shared memory required =  9.38 KB
 average data reuse     = 1.00 
 data transfer (used)   = 0.02 MB 
 data transfer (total)  = 0.05 MB 
 SoA/AoS transfer ratio = 1.00 

 new execution plan #2 for kernel spMV
 number of blocks       = 469 
 number of block colors = 3 
 maximum block size     = 384 
 average thread colors  = 2.00 
 shared memory required =  12.12 KB, 12.12 KB, 12.12 KB
 average data reuse     = 1.98 
 data transfer (used)   = 35.75 MB 
 data transfer (total)  = 36.07 MB 
 SoA/AoS transfer ratio = 1.00 

rms = 6.00030e-04 iter: 136
rms = 1.67006e-04 iter: 200
rms = 9.74433e-05 iter: 200
rms = 1.49387e-05 iter: 200
rms = 8.86210e-06 iter: 200
rms = 1.37296e-06 iter: 200
rms = 8.18258e-07 iter: 200
rms = 1.27369e-07 iter: 200
rms = 7.61539e-08 iter: 200
rms = 1.18877e-08 iter: 200
rms = 7.12733e-09 iter: 200
rms = 1.11479e-09 iter: 200
rms = 6.70061e-10 iter: 200
rms = 1.04953e-10 iter: 200
rms = 6.32227e-11 iter: 200
rms = 9.91308e-12 iter: 200
rms = 5.98275e-12 iter: 200
rms = 9.38810e-13 iter: 200
rms = 5.67450e-13 iter: 200
rms = 8.90975e-14 iter: 200

  count   plan time     MPI time(std)        time(std)           GB/s      GB/s   kernel name 
 -------------------------------------------------------------------------------------------
     20;    0.0000;    0.0000(  0.0000);    3.3497(  0.0000);   0.2757;   0.2797;   res_calc 
   3956;    0.0000;    0.0000(  0.0000);    0.1178(  0.0000);   0.5639;   1.7713;   dirichlet 
     20;    0.0000;    0.0000(  0.0000);    0.0055(  0.0000);   37.0536;         ;   init_cg 
   3936;    0.0000;    0.0000(  0.0000);    4.3299(  0.0000);  34.0765;  34.3795;   spMV 
   3936;    0.0000;    0.0000(  0.0000);    0.2238(  0.0000);   50.8385;         ;   dotPV 
   3936;    0.0000;    0.0000(  0.0000);    0.4646(  0.0000);   85.7390;         ;   updateUR 
   3936;    0.0000;    0.0000(  0.0000);    0.1672(  0.0000);   34.0384;         ;   dotR 
   3936;    0.0000;    0.0000(  0.0000);    0.2153(  0.0000);   79.2905;         ;   updateP 
     20;    0.0000;    0.0000(  0.0000);    0.0017(  0.0000);   86.1018;         ;   update 
Total plan time:   0.1452
Max total runtime = 8.896757
--------------------
--------------------
reading in grid 
initialising flow field 

 Initializing OP2

  OP diagnostic output
  --------------------

       set       size
  -------------------
     nodes     180700
    bedges       1200
     cells     180000

       map        dim       from         to
  -----------------------------------------
    pbedge          1     bedges      nodes
     pcell          4      cells      nodes

       dat        dim        set
  ------------------------------
       p_x          2      nodes
    p_phim          1      nodes
    p_resm          1      nodes
       p_K         16      cells
       p_V          1      nodes
       p_P          1      nodes
       p_U          1      nodes

 new execution plan #0 for kernel res_calc
 number of blocks       = 704 
 number of block colors = 4 
 maximum block size     = 256 
 average thread colors  = 2.00 
 shared memory required =  16.19 KB, 16.19 KB, 16.19 KB, 16.19 KB
 average data reuse     = 1.98 
 data transfer (used)   = 44.04 MB 
 data transfer (total)  = 44.67 MB 
 SoA/AoS transfer ratio = 1.00 

 new execution plan #1 for kernel dirichlet
 number of blocks       = 1 
 number of block colors = 1 
 maximum block size     = 3072 
 average thread colors  = 1.00 
 shared memory required =  9.38 KB
 average data reuse     = 1.00 
 data transfer (used)   = 0.02 MB 
 data transfer (total)  = 0.05 MB 
 SoA/AoS transfer ratio = 1.00 

 new execution plan #2 for kernel spMV
 number of blocks       = 469 
 number of block colors = 3 
 maximum block size     = 384 
 average thread colors  = 2.00 
 shared memory required =  12.12 KB, 12.12 KB, 12.12 KB
 average data reuse     = 1.98 
 data transfer (used)   = 35.75 MB 
 data transfer (total)  = 36.07 MB 
 SoA/AoS transfer ratio = 1.00 

rms = 6.00030e-04 iter: 136
rms = 1.67006e-04 iter: 200
rms = 9.74433e-05 iter: 200
rms = 1.49387e-05 iter: 200
rms = 8.86210e-06 iter: 200
rms = 1.37296e-06 iter: 200
rms = 8.18258e-07 iter: 200
rms = 1.27369e-07 iter: 200
rms = 7.61539e-08 iter: 200
rms = 1.18877e-08 iter: 200
rms = 7.12733e-09 iter: 200
rms = 1.11479e-09 iter: 200
rms = 6.70061e-10 iter: 200
rms = 1.04953e-10 iter: 200
rms = 6.32227e-11 iter: 200
rms = 9.91308e-12 iter: 200
rms = 5.98275e-12 iter: 200
rms = 9.38810e-13 iter: 200
rms = 5.67450e-13 iter: 200
rms = 8.90975e-14 iter: 200

  count   plan time     MPI time(std)        time(std)           GB/s      GB/s   kernel name 
 -------------------------------------------------------------------------------------------
     20;    0.0000;    0.0000(  0.0000);    3.5085(  0.0000);   0.2633;   0.2670;   res_calc 
   3956;    0.0000;    0.0000(  0.0000);    0.0850(  0.0000);   0.7818;   2.4556;   dirichlet 
     20;    0.0000;    0.0000(  0.0000);    0.0072(  0.0000);   28.0392;         ;   init_cg 
   3936;    0.0000;    0.0000(  0.0000);    4.3003(  0.0000);  34.3116;  34.6167;   spMV 
   3936;    0.0000;    0.0000(  0.0000);    0.2012(  0.0000);   56.5564;         ;   dotPV 
   3936;    0.0000;    0.0000(  0.0000);    0.4652(  0.0000);   85.6335;         ;   updateUR 
   3936;    0.0000;    0.0000(  0.0000);    0.1628(  0.0000);   34.9577;         ;   dotR 
   3936;    0.0000;    0.0000(  0.0000);    0.1789(  0.0000);   95.3915;         ;   updateP 
     20;    0.0000;    0.0000(  0.0000);    0.0017(  0.0000);   87.2918;         ;   update 
Total plan time:   0.1445
Max total runtime = 8.934276
--------------------
--------------------
reading in grid 
initialising flow field 

 Initializing OP2

  OP diagnostic output
  --------------------

       set       size
  -------------------
     nodes     180700
    bedges       1200
     cells     180000

       map        dim       from         to
  -----------------------------------------
    pbedge          1     bedges      nodes
     pcell          4      cells      nodes

       dat        dim        set
  ------------------------------
       p_x          2      nodes
    p_phim          1      nodes
    p_resm          1      nodes
       p_K         16      cells
       p_V          1      nodes
       p_P          1      nodes
       p_U          1      nodes

 new execution plan #0 for kernel res_calc
 number of blocks       = 704 
 number of block colors = 4 
 maximum block size     = 256 
 average thread colors  = 2.00 
 shared memory required =  16.19 KB, 16.19 KB, 16.19 KB, 16.19 KB
 average data reuse     = 1.98 
 data transfer (used)   = 44.04 MB 
 data transfer (total)  = 44.67 MB 
 SoA/AoS transfer ratio = 1.00 

 new execution plan #1 for kernel dirichlet
 number of blocks       = 1 
 number of block colors = 1 
 maximum block size     = 3072 
 average thread colors  = 1.00 
 shared memory required =  9.38 KB
 average data reuse     = 1.00 
 data transfer (used)   = 0.02 MB 
 data transfer (total)  = 0.05 MB 
 SoA/AoS transfer ratio = 1.00 

 new execution plan #2 for kernel spMV
 number of blocks       = 469 
 number of block colors = 3 
 maximum block size     = 384 
 average thread colors  = 2.00 
 shared memory required =  12.12 KB, 12.12 KB, 12.12 KB
 average data reuse     = 1.98 
 data transfer (used)   = 35.75 MB 
 data transfer (total)  = 36.07 MB 
 SoA/AoS transfer ratio = 1.00 

rms = 6.00030e-04 iter: 136
rms = 1.67006e-04 iter: 200
rms = 9.74433e-05 iter: 200
rms = 1.49387e-05 iter: 200
rms = 8.86210e-06 iter: 200
rms = 1.37296e-06 iter: 200
rms = 8.18258e-07 iter: 200
rms = 1.27369e-07 iter: 200
rms = 7.61539e-08 iter: 200
rms = 1.18877e-08 iter: 200
rms = 7.12733e-09 iter: 200
rms = 1.11479e-09 iter: 200
rms = 6.70061e-10 iter: 200
rms = 1.04953e-10 iter: 200
rms = 6.32227e-11 iter: 200
rms = 9.91308e-12 iter: 200
rms = 5.98275e-12 iter: 200
rms = 9.38810e-13 iter: 200
rms = 5.67450e-13 iter: 200
rms = 8.90975e-14 iter: 200

  count   plan time     MPI time(std)        time(std)           GB/s      GB/s   kernel name 
 -------------------------------------------------------------------------------------------
     20;    0.0000;    0.0000(  0.0000);    3.4923(  0.0000);   0.2645;   0.2683;   res_calc 
   3956;    0.0000;    0.0000(  0.0000);    0.1060(  0.0000);   0.6272;   1.9699;   dirichlet 
     20;    0.0000;    0.0000(  0.0000);    0.0091(  0.0000);   22.3097;         ;   init_cg 
   3936;    0.0000;    0.0000(  0.0000);    4.2672(  0.0000);  34.5774;  34.8849;   spMV 
   3936;    0.0000;    0.0000(  0.0000);    0.1996(  0.0000);   57.0234;         ;   dotPV 
   3936;    0.0000;    0.0000(  0.0000);    0.4523(  0.0000);   88.0745;         ;   updateUR 
   3936;    0.0000;    0.0000(  0.0000);    0.1464(  0.0000);   38.8647;         ;   dotR 
   3936;    0.0000;    0.0000(  0.0000);    0.1825(  0.0000);   93.5072;         ;   updateP 
     20;    0.0000;    0.0000(  0.0000);    0.0017(  0.0000);   86.5318;         ;   update 
Total plan time:   0.1467
Max total runtime = 8.878956
--------------------
--------------------
reading in grid 
initialising flow field 

 Initializing OP2

  OP diagnostic output
  --------------------

       set       size
  -------------------
     nodes     180700
    bedges       1200
     cells     180000

       map        dim       from         to
  -----------------------------------------
    pbedge          1     bedges      nodes
     pcell          4      cells      nodes

       dat        dim        set
  ------------------------------
       p_x          2      nodes
    p_phim          1      nodes
    p_resm          1      nodes
       p_K         16      cells
       p_V          1      nodes
       p_P          1      nodes
       p_U          1      nodes

 new execution plan #0 for kernel res_calc
 number of blocks       = 704 
 number of block colors = 4 
 maximum block size     = 256 
 average thread colors  = 2.00 
 shared memory required =  16.19 KB, 16.19 KB, 16.19 KB, 16.19 KB
 average data reuse     = 1.98 
 data transfer (used)   = 44.04 MB 
 data transfer (total)  = 44.67 MB 
 SoA/AoS transfer ratio = 1.00 

 new execution plan #1 for kernel dirichlet
 number of blocks       = 1 
 number of block colors = 1 
 maximum block size     = 3072 
 average thread colors  = 1.00 
 shared memory required =  9.38 KB
 average data reuse     = 1.00 
 data transfer (used)   = 0.02 MB 
 data transfer (total)  = 0.05 MB 
 SoA/AoS transfer ratio = 1.00 

 new execution plan #2 for kernel spMV
 number of blocks       = 469 
 number of block colors = 3 
 maximum block size     = 384 
 average thread colors  = 2.00 
 shared memory required =  12.12 KB, 12.12 KB, 12.12 KB
 average data reuse     = 1.98 
 data transfer (used)   = 35.75 MB 
 data transfer (total)  = 36.07 MB 
 SoA/AoS transfer ratio = 1.00 

rms = 6.00030e-04 iter: 136
rms = 1.67006e-04 iter: 200
rms = 9.74433e-05 iter: 200
rms = 1.49387e-05 iter: 200
rms = 8.86210e-06 iter: 200
rms = 1.37296e-06 iter: 200
rms = 8.18258e-07 iter: 200
rms = 1.27369e-07 iter: 200
rms = 7.61539e-08 iter: 200
rms = 1.18877e-08 iter: 200
rms = 7.12733e-09 iter: 200
rms = 1.11479e-09 iter: 200
rms = 6.70061e-10 iter: 200
rms = 1.04953e-10 iter: 200
rms = 6.32227e-11 iter: 200
rms = 9.91308e-12 iter: 200
rms = 5.98275e-12 iter: 200
rms = 9.38810e-13 iter: 200
rms = 5.67450e-13 iter: 200
rms = 8.90975e-14 iter: 200

  count   plan time     MPI time(std)        time(std)           GB/s      GB/s   kernel name 
 -------------------------------------------------------------------------------------------
     20;    0.0000;    0.0000(  0.0000);    3.4692(  0.0000);   0.2662;   0.2701;   res_calc 
   3956;    0.0000;    0.0000(  0.0000);    0.1077(  0.0000);   0.6172;   1.9384;   dirichlet 
     20;    0.0000;    0.0000(  0.0000);    0.0054(  0.0000);   37.6919;         ;   init_cg 
   3936;    0.0000;    0.0000(  0.0000);    4.3420(  0.0000);  33.9816;  34.2838;   spMV 
   3936;    0.0000;    0.0000(  0.0000);    0.2048(  0.0000);   55.5540;         ;   dotPV 
   3936;    0.0000;    0.0000(  0.0000);    0.4603(  0.0000);   86.5284;         ;   updateUR 
   3936;    0.0000;    0.0000(  0.0000);    0.1701(  0.0000);   33.4487;         ;   dotR 
   3936;    0.0000;    0.0000(  0.0000);    0.2092(  0.0000);   81.5966;         ;   updateP 
     20;    0.0000;    0.0000(  0.0000);    0.0017(  0.0000);   84.4939;         ;   update 
Total plan time:   0.1449
Max total runtime = 8.991888
--------------------
--------------------
reading in grid 
initialising flow field 

 Initializing OP2

  OP diagnostic output
  --------------------

       set       size
  -------------------
     nodes     180700
    bedges       1200
     cells     180000

       map        dim       from         to
  -----------------------------------------
    pbedge          1     bedges      nodes
     pcell          4      cells      nodes

       dat        dim        set
  ------------------------------
       p_x          2      nodes
    p_phim          1      nodes
    p_resm          1      nodes
       p_K         16      cells
       p_V          1      nodes
       p_P          1      nodes
       p_U          1      nodes

 new execution plan #0 for kernel res_calc
 number of blocks       = 704 
 number of block colors = 4 
 maximum block size     = 256 
 average thread colors  = 2.00 
 shared memory required =  16.19 KB, 16.19 KB, 16.19 KB, 16.19 KB
 average data reuse     = 1.98 
 data transfer (used)   = 44.04 MB 
 data transfer (total)  = 44.67 MB 
 SoA/AoS transfer ratio = 1.00 

 new execution plan #1 for kernel dirichlet
 number of blocks       = 1 
 number of block colors = 1 
 maximum block size     = 3072 
 average thread colors  = 1.00 
 shared memory required =  9.38 KB
 average data reuse     = 1.00 
 data transfer (used)   = 0.02 MB 
 data transfer (total)  = 0.05 MB 
 SoA/AoS transfer ratio = 1.00 

 new execution plan #2 for kernel spMV
 number of blocks       = 469 
 number of block colors = 3 
 maximum block size     = 384 
 average thread colors  = 2.00 
 shared memory required =  12.12 KB, 12.12 KB, 12.12 KB
 average data reuse     = 1.98 
 data transfer (used)   = 35.75 MB 
 data transfer (total)  = 36.07 MB 
 SoA/AoS transfer ratio = 1.00 

rms = 6.00030e-04 iter: 136
rms = 1.67006e-04 iter: 200
rms = 9.74433e-05 iter: 200
rms = 1.49387e-05 iter: 200
rms = 8.86210e-06 iter: 200
rms = 1.37296e-06 iter: 200
rms = 8.18258e-07 iter: 200
rms = 1.27369e-07 iter: 200
rms = 7.61539e-08 iter: 200
rms = 1.18877e-08 iter: 200
rms = 7.12733e-09 iter: 200
rms = 1.11479e-09 iter: 200
rms = 6.70061e-10 iter: 200
rms = 1.04953e-10 iter: 200
rms = 6.32227e-11 iter: 200
rms = 9.91308e-12 iter: 200
rms = 5.98275e-12 iter: 200
rms = 9.38810e-13 iter: 200
rms = 5.67450e-13 iter: 200
rms = 8.90975e-14 iter: 200

  count   plan time     MPI time(std)        time(std)           GB/s      GB/s   kernel name 
 -------------------------------------------------------------------------------------------
     20;    0.0000;    0.0000(  0.0000);    3.5126(  0.0000);   0.2630;   0.2667;   res_calc 
   3956;    0.0000;    0.0000(  0.0000);    0.1338(  0.0000);   0.4967;   1.5600;   dirichlet 
     20;    0.0000;    0.0000(  0.0000);    0.0055(  0.0000);   36.9118;         ;   init_cg 
   3936;    0.0000;    0.0000(  0.0000);    4.3996(  0.0000);  33.5368;  33.8350;   spMV 
   3936;    0.0000;    0.0000(  0.0000);    0.2305(  0.0000);   49.3604;         ;   dotPV 
   3936;    0.0000;    0.0000(  0.0000);    0.4760(  0.0000);   83.6852;         ;   updateUR 
   3936;    0.0000;    0.0000(  0.0000);    0.1704(  0.0000);   33.3950;         ;   dotR 
   3936;    0.0000;    0.0000(  0.0000);    0.2029(  0.0000);   84.1118;         ;   updateP 
     20;    0.0000;    0.0000(  0.0000);    0.0017(  0.0000);   86.0529;         ;   update 
Total plan time:   0.1481
Max total runtime = 9.154324
--------------------
--------------------
reading in grid 
initialising flow field 

 Initializing OP2

  OP diagnostic output
  --------------------

       set       size
  -------------------
     nodes     180700
    bedges       1200
     cells     180000

       map        dim       from         to
  -----------------------------------------
    pbedge          1     bedges      nodes
     pcell          4      cells      nodes

       dat        dim        set
  ------------------------------
       p_x          2      nodes
    p_phim          1      nodes
    p_resm          1      nodes
       p_K         16      cells
       p_V          1      nodes
       p_P          1      nodes
       p_U          1      nodes

 new execution plan #0 for kernel res_calc
 number of blocks       = 704 
 number of block colors = 4 
 maximum block size     = 256 
 average thread colors  = 2.00 
 shared memory required =  16.19 KB, 16.19 KB, 16.19 KB, 16.19 KB
 average data reuse     = 1.98 
 data transfer (used)   = 44.04 MB 
 data transfer (total)  = 44.67 MB 
 SoA/AoS transfer ratio = 1.00 

 new execution plan #1 for kernel dirichlet
 number of blocks       = 1 
 number of block colors = 1 
 maximum block size     = 3072 
 average thread colors  = 1.00 
 shared memory required =  9.38 KB
 average data reuse     = 1.00 
 data transfer (used)   = 0.02 MB 
 data transfer (total)  = 0.05 MB 
 SoA/AoS transfer ratio = 1.00 

 new execution plan #2 for kernel spMV
 number of blocks       = 469 
 number of block colors = 3 
 maximum block size     = 384 
 average thread colors  = 2.00 
 shared memory required =  12.12 KB, 12.12 KB, 12.12 KB
 average data reuse     = 1.98 
 data transfer (used)   = 35.75 MB 
 data transfer (total)  = 36.07 MB 
 SoA/AoS transfer ratio = 1.00 

rms = 6.00030e-04 iter: 136
rms = 1.67006e-04 iter: 200
rms = 9.74433e-05 iter: 200
rms = 1.49387e-05 iter: 200
rms = 8.86210e-06 iter: 200
rms = 1.37296e-06 iter: 200
rms = 8.18258e-07 iter: 200
rms = 1.27369e-07 iter: 200
rms = 7.61539e-08 iter: 200
rms = 1.18877e-08 iter: 200
rms = 7.12733e-09 iter: 200
rms = 1.11479e-09 iter: 200
rms = 6.70061e-10 iter: 200
rms = 1.04953e-10 iter: 200
rms = 6.32227e-11 iter: 200
rms = 9.91308e-12 iter: 200
rms = 5.98275e-12 iter: 200
rms = 9.38810e-13 iter: 200
rms = 5.67450e-13 iter: 200
rms = 8.90975e-14 iter: 200

  count   plan time     MPI time(std)        time(std)           GB/s      GB/s   kernel name 
 -------------------------------------------------------------------------------------------
     20;    0.0000;    0.0000(  0.0000);    3.6706(  0.0000);   0.2516;   0.2552;   res_calc 
   3956;    0.0000;    0.0000(  0.0000);    0.7060(  0.0000);   0.0941;   0.2957;   dirichlet 
     20;    0.0000;    0.0000(  0.0000);    0.0116(  0.0000);   17.4584;         ;   init_cg 
   3936;    0.0000;    0.0000(  0.0000);    6.2563(  0.0000);  23.5839;  23.7936;   spMV 
   3936;    0.0000;    0.0000(  0.0000);    0.7837(  0.0000);   14.5206;         ;   dotPV 
   3936;    0.0000;    0.0000(  0.0000);    1.0608(  0.0000);   37.5483;         ;   updateUR 
   3936;    0.0000;    0.0000(  0.0000);    0.7615(  0.0000);    7.4718;         ;   dotR 
   3936;    0.0000;    0.0000(  0.0000);    0.7968(  0.0000);   21.4215;         ;   updateP 
     20;    0.0000;    0.0000(  0.0000);    0.0017(  0.0000);   85.0510;         ;   update 
Total plan time:   0.1655
Max total runtime = 14.070627
--------------------
--------------------
reading in grid 
initialising flow field 

 Initializing OP2

  OP diagnostic output
  --------------------

       set       size
  -------------------
     nodes     180700
    bedges       1200
     cells     180000

       map        dim       from         to
  -----------------------------------------
    pbedge          1     bedges      nodes
     pcell          4      cells      nodes

       dat        dim        set
  ------------------------------
       p_x          2      nodes
    p_phim          1      nodes
    p_resm          1      nodes
       p_K         16      cells
       p_V          1      nodes
       p_P          1      nodes
       p_U          1      nodes

 new execution plan #0 for kernel res_calc
 number of blocks       = 704 
 number of block colors = 4 
 maximum block size     = 256 
 average thread colors  = 2.00 
 shared memory required =  16.19 KB, 16.19 KB, 16.19 KB, 16.19 KB
 average data reuse     = 1.98 
 data transfer (used)   = 44.04 MB 
 data transfer (total)  = 44.67 MB 
 SoA/AoS transfer ratio = 1.00 

 new execution plan #1 for kernel dirichlet
 number of blocks       = 1 
 number of block colors = 1 
 maximum block size     = 3072 
 average thread colors  = 1.00 
 shared memory required =  9.38 KB
 average data reuse     = 1.00 
 data transfer (used)   = 0.02 MB 
 data transfer (total)  = 0.05 MB 
 SoA/AoS transfer ratio = 1.00 

 new execution plan #2 for kernel spMV
 number of blocks       = 469 
 number of block colors = 3 
 maximum block size     = 384 
 average thread colors  = 2.00 
 shared memory required =  12.12 KB, 12.12 KB, 12.12 KB
 average data reuse     = 1.98 
 data transfer (used)   = 35.75 MB 
 data transfer (total)  = 36.07 MB 
 SoA/AoS transfer ratio = 1.00 

rms = 6.00030e-04 iter: 136
rms = 1.67006e-04 iter: 200
rms = 9.74433e-05 iter: 200
rms = 1.49387e-05 iter: 200
rms = 8.86210e-06 iter: 200
rms = 1.37296e-06 iter: 200
rms = 8.18258e-07 iter: 200
rms = 1.27369e-07 iter: 200
rms = 7.61539e-08 iter: 200
rms = 1.18877e-08 iter: 200
rms = 7.12733e-09 iter: 200
rms = 1.11479e-09 iter: 200
rms = 6.70061e-10 iter: 200
rms = 1.04953e-10 iter: 200
rms = 6.32227e-11 iter: 200
rms = 9.91308e-12 iter: 200
rms = 5.98275e-12 iter: 200
rms = 9.38810e-13 iter: 200
rms = 5.67450e-13 iter: 200
rms = 8.90975e-14 iter: 200

  count   plan time     MPI time(std)        time(std)           GB/s      GB/s   kernel name 
 -------------------------------------------------------------------------------------------
     20;    0.0000;    0.0000(  0.0000);    3.4210(  0.0000);   0.2700;   0.2739;   res_calc 
   3956;    0.0000;    0.0000(  0.0000);    0.0905(  0.0000);   0.7346;   2.3074;   dirichlet 
     20;    0.0000;    0.0000(  0.0000);    0.0054(  0.0000);   37.1509;         ;   init_cg 
   3936;    0.0000;    0.0000(  0.0000);    4.3140(  0.0000);  34.2023;  34.5064;   spMV 
   3936;    0.0000;    0.0000(  0.0000);    0.2025(  0.0000);   56.1977;         ;   dotPV 
   3936;    0.0000;    0.0000(  0.0000);    0.4633(  0.0000);   85.9733;         ;   updateUR 
   3936;    0.0000;    0.0000(  0.0000);    0.1565(  0.0000);   36.3669;         ;   dotR 
   3936;    0.0000;    0.0000(  0.0000);    0.1956(  0.0000);   87.2504;         ;   updateP 
     20;    0.0000;    0.0000(  0.0000);    0.0017(  0.0000);   86.0895;         ;   update 
Total plan time:   0.1486
Max total runtime = 8.872898
--------------------
at1917@graphic07:build$ 
